Overriding ActionMailer config and setting test mode
Error: No such file or directory - /projects/rigse/config/padlet.yml loading yaml: /projects/rigse/config/padlet.yml
Using defaults (see padlet_wrapper.rb)
*...........................................................................................Waiting for Solr to start.....solr started
................*......................................................................................................................................................................................................................................................*............................................................................................................................................................................................................................F.......................................................................................................................................................................................................................................................***********...................................................................................................................................................................*....................................................#<ActiveModel::Errors:0x0000001606c2f8>
..............................................F..........................WARNING: missing 4 removed reportables in report for Test Investigation
WARNING: missing 4 removed reportables in report for Test Investigation
.WARNING: missing 1 removed reportables in report for Test Investigation
WARNING: missing 1 removed reportables in report for Test Investigation
.WARNING: missing 5 removed reportables in report for Test Investigation
WARNING: missing 5 removed reportables in report for Test Investigation
.WARNING: missing 5 removed reportables in report for Test Investigation
WARNING: missing 5 removed reportables in report for Test Investigation
WARNING: missing 5 removed reportables in report for Test Investigation
WARNING: missing 5 removed reportables in report for Test Investigation
.....................................WARNING: missing 4 removed reportables in report for 
.......*..................................................................................................................*********...........................*............................................................................................*....................................................................................FF......................................................................................****......................................................................................................................................................................................................................................................................................*.........................................

Pending:
  ActivitiesController#index should material indexes display anything?
    # Not yet implemented
    # ./spec/controllers/activities_controller_spec.rb:12
  Dataservice::BlobsController GET index assigns all dataservice_blobs as @dataservice_blobs
    # No reason given
    # ./spec/controllers/dataservice/blobs_controller_spec.rb:14
  ExternalActivitiesController#index should material indexes display anything?
    # Not yet implemented
    # ./spec/controllers/external_activities_controller_spec.rb:132
  UsersController allows signup
    # Broken example
    # ./spec/controllers/users_controller_spec.rb:13
  UsersController signs up user in pending state
    # Broken example
    # ./spec/controllers/users_controller_spec.rb:21
  UsersController signs up user with activation code
    # Broken example
    # ./spec/controllers/users_controller_spec.rb:28
  UsersController requires login on signup
    # Broken example
    # ./spec/controllers/users_controller_spec.rb:34
  UsersController requires password on signup
    # Broken example
    # ./spec/controllers/users_controller_spec.rb:43
  UsersController requires password confirmation on signup
    # Broken example
    # ./spec/controllers/users_controller_spec.rb:52
  UsersController requires email on signup
    # Broken example
    # ./spec/controllers/users_controller_spec.rb:61
  UsersController activates user
    # Broken example
    # ./spec/controllers/users_controller_spec.rb:70
  UsersController does not activate user without key
    # Broken example
    # ./spec/controllers/users_controller_spec.rb:80
  UsersController does not activate user with blank key
    # Broken example
    # ./spec/controllers/users_controller_spec.rb:87
  UsersController does not activate user with bogus key
    # Broken example
    # ./spec/controllers/users_controller_spec.rb:94
  Reports::ColumnDefinition#write_header sets the headers of the argument sheet
    # Create a mock sheet
    # ./spec/libs/reports/column_definition_spec.rb:32
  Dataservice::PeriodicBundleContent should reconstitute the parts into a valid learner data format
    # Temporarily disabled with xit
    # ./spec/models/dataservice/periodic_bundle_content_spec.rb:93
  Investigation search_list (searching for investigations) should find all grade 8 phsysics investigations, including drafts
    # Equivalent spec suite elsewhere
    # ./spec/models/investigation_spec.rb:189
  Investigation search_list (searching for investigations) should find all grade phsysics investigations, including drafts
    # Equivalent spec suite elsewhere
    # ./spec/models/investigation_spec.rb:204
  Investigation search_list (searching for investigations) should find all public and draft investigations
    # Equivalent spec suite elsewhere
    # ./spec/models/investigation_spec.rb:216
  Investigation search_list (searching for investigations) should find all public and draft NON-GSE investigations too
    # Equivalent spec suite elsewhere
    # ./spec/models/investigation_spec.rb:226
  Investigation search_list (searching for investigations) should find only published, in grade 8 physics domain
    # Equivalent spec suite elsewhere
    # ./spec/models/investigation_spec.rb:236
  Investigation search_list (searching for investigations) should find only published in physics domain
    # Equivalent spec suite elsewhere
    # ./spec/models/investigation_spec.rb:252
  Investigation search_list (searching for investigations) should find all published investigations
    # Equivalent spec suite elsewhere
    # ./spec/models/investigation_spec.rb:266
  Investigation search_list (searching for investigations) should search investigations that require probes
    # Equivalent spec suite elsewhere
    # ./spec/models/investigation_spec.rb:276
  Investigation search_list (searching for investigations) should search investigations that does require probes
    # Equivalent spec suite elsewhere
    # ./spec/models/investigation_spec.rb:286
  MaterialsCollectionItem add some examples to (or delete) /projects/rigse/spec/models/materials_collection_item_spec.rb
    # No reason given
    # ./spec/models/materials_collection_item_spec.rb:4
  Portal::SchoolSelector when the user has selected England as the country provides a list of schools in England
    # No reason given
    # ./spec/models/portal/school_selector_spec.rb:33
  TruncatableXhtml truncate xhtml entities should truncate xhtml entities
    # Not yet implemented
    # ./spec/models/truncatable_xhtml_spec.rb:25
  TruncatableXhtml truncate xhtml entities should extract first text
    # Not yet implemented
    # ./spec/models/truncatable_xhtml_spec.rb:26
  TruncatableXhtml truncate xhtml entities should extract text from xhtml elements
    # Not yet implemented
    # ./spec/models/truncatable_xhtml_spec.rb:27
  TruncatableXhtml truncate xhtml entities should soft truncate
    # Not yet implemented
    # ./spec/models/truncatable_xhtml_spec.rb:28
  /admin/tags/index.html.haml renders a list of admin_tags
    # Make this test compatible with pagination
    # ./spec/views/admin/tags/index.html.haml_spec.rb:21

Failures:

  1) Portal::GradesController GET index assigns all portal_grades as @portal_grades
  Failure/Error: assigns[:portal_grades].should == [mock_grade]
    expected: [#<Portal::Grade:0xa30d900 @name="Portal::Grade_1921">]
         got: Portal::Grade(id: integer, name: string, description: string, position: integer, uuid: string, active: boolean, created_at: datetime, updated_at: datetime) (using ==)
    Diff:
    @@ -1,2 +1,2 @@
    -[#<Portal::Grade:0xa30d900 @name="Portal::Grade_1921">]
    +Portal::Grade(id: integer, name: string, description: string, position: integer, uuid: string, active: boolean, created_at: datetime, updated_at: datetime)
  # ./spec/controllers/portal/grades_controller_spec.rb:21:in `block (3 levels) in <top (required)>'

  2) AttachedFile being created should upload a file
  Failure/Error: a.save
  WebMock::NetConnectNotAllowedError:
    Real HTTP connections are disabled. Unregistered request: PUT https://test-rigse-image-upload.s3.amazonaws.com/attachments/33/original/rails.png with body '‰PNG
    
       IHDR   2   @   XÕ${   tEXtSoftware Adobe ImageReadyqÉe<  ˜IDATxÚ¬[	”\e•şŞR¯Ö®®^ª;IwgßÃ‚a×È@`ÄñÈÉÇíè¨gÆãœGgDgtÜqDFqFñ ¢DÄqFÈ’@ÒéNºÓûRU]Ë«÷Ş|÷ÿ_-Q˜Çyéª÷^ıïŞÿŞïŞïŞÿÇ¸.İ‹ğ0‚ WÀ_6€ÍkšùbğfÌ»Ü¸ù‡£6À«<4Æw5ÿæ~*rÛá—?À¿9–ñîöˆm´Ø&"¦ØãMß÷ù7@vm'Ú· {¼_¿S)Vû¬ÿi\“ÃWôG?¨Ë¸Õ«jM‹dÜ@	lDLXé¸ºW-TàÍUá+@ŞEPào\&*R¹¢§áûnn‰˜¹,á fšğDÀWrX|¸Ê3M£=Û§\‚İƒŠ«÷Eç³JˆºB–[döµ6A¨¨º'Ÿ=‘t¬x^©„ÊÔ$Çòa86Ìˆ¥®ò{,
    Ï±Pµ©ŒepNø*_ìW©ˆ_3¢oóŸ·;†ñŞ¥ñ(•0àòE¾:¡¬àñƒÏÙiïËÒ6ªeÎÌXn¡ŒhGf"ƒÂúL|S+(+.gĞ¤¾–­g=¨Y‡c—Êh=m#V_û·¬Š#ÿû}èñ‚ÇªòİÎ|±ŒÀâtR	ñŸŞD8VÙÕ„‰M~xg!ni%DyŸ(¡”¡‰îâé…õ•ÛB,{(äàNÎÁ´ãpÒˆ$3°ãiØ±$ìh›.@ße[a'ãœeºJÔ‚³yš¼Åì‹Ï 4>ŒH*ƒöMçÂéHQ(Jgt-ƒÖ¢»QI^·‚ğ©dĞÂ„@áçsÓÔÒ-¡'-´
    51¤{³' Ò0õ ÕÙ|În4Û‰h{V½@Ü©çâw"»éB¾ËTŠ=rŸzqP­pBè‘HãÈƒ?¢Åˆƒâ]-ÃqópgsPiŠSÓª®…ög`j×n¸ù)˜‰šÊõŠ ¶må¾¡B2L†.¥ûx!¸j¦ÔúJ¡À÷P! Kˆ/\¤
    Ê®RB[0µç9TrÓˆu. Ş¢uå©Hö®$´…Á™DDQÒ+ä:ˆÜÁİ˜Ù»3/¾ŒçnÁò«Şÿú%äöõSjm‰2Ğå!&D/ü[¥EÚHw·Wş	‘ßA-RR!ê•æP eŠu„•HÁimÇè“"µtÚ6lF²g¹²Ğ«-ËO.¸å™1Œ?÷ÆúÒksX~õVìúêtmZJğR1êŠÔ1èé¦N÷ÌôuÁ&Ğ<Ïõ â½©,T™šbÈ,`ğçw¢óÌ°ğWP¥x-G´5‹¯ä—ãèÃ`ø±•Õ´/5pbêğÔÁ­¬Aà©öt¨ÄIVJç_«]§›0/´²‰¾½‰DiòH=¿–Ã´#è»ø*œö77 ç-3‚Ññ	şVuQØ0ê.…¨ÍpÛİ”Ó%ĞyÀw	Ú ÂhÑ™Wğâ¹0ã),ºô2$—ôbúà6&²¼ÄI/@báj$²ËöøI®–‹(fx'¨æJ…nËÉOµ"±`©ÂØŸø<-¼/ßúŸL®Ñ®%^ÏÈ«œÍ¶ŞnÄ2½ªwÒ—ùå2}}Xüö­úÕ½È¼L€'Q£Ù-,¿ümˆ/ê¤‹Â4#0“­´Š‹òôQ”&0›È0¤¯à¹NK—r¯<‡éıÏböğ^¢kN#_ wzU7hg'C{
    -½k=ç"¬y÷‡Q"÷Ş~šjë¼húï[#V\\Í€“t¯êÓ®Ì'K„3ÌJQ…Î5¹¾{ÚOÛ„Â±~ŒışEäXö®+ÑuÖTÂ3ˆ/Ád}j¤¬"ÉQ„.M 8öÜâæ#wh/ïÛŒfg0çTàp’ü9-cÉïƒC«ìûŞ8öØ£Ê‹&Ÿ{³ƒÃÊ•K6Âä'fñi•Ìâ.D˜ O°F¨X•¥÷’+°à¼KPš"…0ĞuşE8pÇ¯±ê=W¡÷Ò‹àås¤Nt7_¶©Ât˜ê»q;* eªØõíÛ0üÈdÖ.Æêk¶¢óŒéŠÓ¨L¨I°¢qÅ*ÿô{t·	Z%‚¹á~ìşæcÆ%š²HÊ6â>sA,›A×²…Ú×æ)¡£ƒaIäE¹C(ÒERK{8‚çÿé«È¬[µy?iI5$¬†%ê·fø{}Šu¬¨ƒ—îúúïŞFäûÇ1¶ãÌ~ã;v1l'‰¦˜@åç¤F…æ¡Œ
    'IF'mñ!K¤7ã…Ğ"Œ&­]ÒÍw1ó5¨#4V§iò‘Å¾nÇÔö[Ô—ávãÇ8Äš…Ø)>Cá=L´B´ˆ“Àào~‹é½/ø¸3%ºw´‚·ÿFı4Ö“ÁÊ¿8™Ş>bWX@‡bÆÉb@¼ÙIzP9ĞI±vÁFfQÉL‹Ê!2c£EP(se4~¦5RhƒAÂ90‚‘_?‡ æcóMŸE¢§teV¹”OaOr
    İÓ÷B¦ª]ËpÈ±ÆØ“»±ñ“"EyïxˆÏ:ü­	ÇŠ)‹–Ìbl×‹hYâÀu…ÖÄT´™dâÔ«æÈíwš=Ø¢¥M€gw“VPè™OFÎ’â2¶æ5-TD—[ŠåZ2Ã>–]ıV,xÓ›IOŠ²Æ…)œJ”ñÍº[)?cn28pÿ#(çmkÇÒ+.Âè£/ phœÊ®×Q6?³wå7‘îÇHãIoÄSj)“ÅÉ1<±¤ÙÈ#í¬-œ£¨Næ9ûO1Í°ØÑéŞkÂIäòK´¬éÁÊ÷¿—r:¼Ç(Å—‹;rº“R&<9€ª3¦v¿@Áw(w:ø“Ğ~æ:T¦óÊFSŞ’ï•±"¦ö£ç¼ÕŠ’Tád®Ì¬T‚ã9ˆæıPIb“3•…˜JØzæóT’Q×„¥BÕP23´Æµï¢éW’­Î*|@^¤¬¡)Q³ŒüwåÃ?I¬éqŞû=ü,¼™Š<@Ğ B8)“;¢û¬50ù¼éHˆ-=ıTÁ	í”SAº@Œ”Œ@¹„f‚5Ş¨r”é[ƒÊT%#c|…õÃZ&Äw(B)tD¹•Q%Êvø™yCşš‘(â,ÆŸ|ï‰ÁƒŠÊ°¶ÆÉi‰‰¹ä&å—<#u:Íëª3E­HkÍzÕĞ´)nd¶ØF>1Vä2À²k®F¼½GYL	KáMQÀlR&TBşÚ,igv¿ˆòè8]C œ8S±f#Ä…4æQ¡ŠÚ¬Õ'?Ìç¢,ÈÊ=¥ËaVÕ9WEX³ö³Yr§rà‡ª*Ô!âcÍõÄÆ¯~­×)Ğú,=ÛøyÑŸ]ªj–lGeíšEÌº5´r_2ñÔ}d×"½a‰ª]Œ0ßM9·¦PˆZ¶…ÙİG17‡ÍÌnE"ÊR¢ˆÇrÛó\ñY‡Q‰)!|5U(d¬·=—^‰Å—¿o¼ãÇ8õ³×+Ğö¼õ2ÀNU“6jB[¡àëˆB5ÅèV.]šÅ²­Wãô/^¯”‘ä©¬Ğôßñ
    ´Š;Y"Vúi‘$±’¤2¶ŠœÕÙ²º_§ñµc‚‰Æ«(F^Eçùg“qö©{–C°ñŒ÷P¹‹/#K8ã–İôY+ QÈ
    İMğ1>ÜAÌìß®Íç¢ëÂÍ,gİy®t²Ş•n,˜˜z¾ŸÅE$‘VÀ÷Š.ñÉävßÌæÌâ.†PyLaèpóâÈÏîGç9TnÑÒ:uiàÀšçRZ!z‹I0?ĞÒá1<ÿ‰/`àû˜7ÈÓ$)XÆqøhØ¦všt¯¹Ã“,}‡˜ÓäjITòeuÓ°Ìù¢r0šë³h§%” ‰£ÿıKŒüîQ’Â˜3V£0<ˆ%W¿ëÄ&¢„V‚< ÎÄ5%ÔJ2”Sø™IE
    ÃJÒÊX;>u#­$¬6ªÉ±¯óGM™ÀhØF…d˜td|Û~dÏ\O9Ijç**záDØb)PBÌÒ½¦h•…-qøqîl‘%ë/€{ïGzÍ*d7ŸóŠ=QS]:‡ˆRº©QbÂUàMPá’¯‚†ò$%½æ¨ du]õˆXefïQzÈ$Ÿ«(¾¥'Ğ˜‘Z‹HŠ«#äÇAÜRÂX¬íDB	Ø~öÈÿ`‹×0.F|XŒXKì)æêé™w¬FoÊlzyÈhÔßš»ÕÜKz³Œ>±“‚.&nEjÍ„™U,2'•ƒ÷ &iwö¬óşè[’d­À[	™ÓV)ö*¦Q§a†v¦†›úl…êQÌDit[VŠIQ‰ÚhRÄ@½$)Éy~mÆ|ÒøäŠ>ºÖú?­cJ+V²H'6şË?ã7iÖ.ûX‹H8ÌFŞ¨)d†AYøUÂBjE»"—Š.ñ4w-?lÍÚÔ2ÃYœ™.Á•úÎRj¤W¬D¢«÷µö@BÜØ¬.ß†sşã[H-gA—S™F¨3ÿÚFıj™ÅÒ]úØ¢œ„ÊèBPë–¬…_—>M%bt—©?_rÕ¬	-h]·öµ·rœ_Å¾[nÂÈ¶‡˜›Q‘ªã¢+GÔ­_û\ÃŠ
    ±şZÙ¦fÜeÑÖĞÏótŒ(|ºU(‡Ü'.g	®VFÃENÇë9’½½üé}Ll»4ÎTÅ&ntoÂ¨Ó’ œX	ÉFßéˆ"º€…_‰ÕfYzÇF˜~y& Gu]$›§æO[Èöv#]ğº‰.è@$VA`â±§T°¢Ñ°õZ[2šº–µuİ+ˆ/mUÁCò‡_T½n‡y¤Ñ —|l\«³¹şÌMÌ"G[¼¸±ìëR$µd™Š|:—Ä›º“F½Ii„reÚ"Ùµ³át· Ê ä“ú,¼+ÛŒ­1ÜìZ1Ú1ÉÈÒuÑ‘dt*çK¨2éÜsŒd;	[êõ)²x¥²€W.¡¹z2jåTh#D®VŒß\NO
    &eó…_±v’U2Ÿ×İBè^µ¨%ã¶0FÛÓHöô²(/Ô˜I§2>‰’•Àë=œLñÅ]ºÑdvUUëpk"ìijBœ®$’,O-0y<}~®Ã*Tºö£5LÄùErE4İBß³XŠÆX‚N£:<†9š²¼>Eìd
    -ËV*‹ø®«»êu¥B…LÍİÒs»µN*Š*­á…JxåªRÈÍUÁôÄè¾–,ôÈìTÊ(ìÛƒ•ÈûËGuÔ ÿŸ@÷âÅ¯Yƒ{ëÚu|ùCïJF¯(OL°bœÔ±–Ñín‚Õ´iKhp‹ğÒ×·’F»tx8³#µ¸ª9Fs±FŸÚ‹è³û½®DT‘¨A”n1vğeF¯^M^kfĞÈ.Ä†İ V¨Ê“Ç°ı3ŸÄøãÏÀJÆËaãY@n&»ªjµ‚Llø:Š¤Mô¬‰cÓšğêÂ…Æà—<ÿNğÁ#Å
    Nä062KkYˆµ¤QÆ,yÎë9Ú6lBşp?r‡(ÚëX„eW_.KuJR'‚-^x¢"^‘j’n5RE0&¦`iÎP\¬”4^º'j-!õæ’*´¨`4†£ü]Ô-"ñâ>´vu×ËË?9—´w!–íÂÎ/~­ë×#ÚÚÉh…“í ›MªÄÛÈò”ƒÚ› °ó®Ì´nMA}m W,)(ìÃ®….µ¦N¬yÛ%$æÇà³*ËóŞş={P9Šîõ§¢cé
    D“zHî>ÿBlÿäu˜Ş¾K78˜x-Ö>V,¢ó‰'µJU»× \L¯¹]Èl¥é>W*ªr¡Ù-h«Xóªf~oI†“Z3fç±î>v‰öN´3
    u¯Z‡Tgg}÷Õö363:.g/-ÒH¸+"P‰ÎÏKÛ‰SZô4´„òZÕ_×ò¦<K*¹š­Şë7¢È*ì@g¥yK
    &™ø›¸AÒI)W‹³Úù4FìF[ßRt­Ş€ÌÂ¾×şƒŠƒîŞò&Ü}7'™®ÃÙ÷f«ª7h`İ0ÎÚş•p[‡(>GlXM¾c7¶é"§Ê;Ò¿
    ‹£òĞ(İ÷5f‚MÄğUC¯¶OF6Ü±ÎßCNf³t¹>$S1V†aéêëR·&œ4)æ¡ÊÈâÍéÙ—†a y]‘ä%íW	·AÍ*|g©XĞ{Q¤Ÿc>iTX1‚F‡‰ ®M`|à!Ó[$‚±¦PŠ4šªÊŠ¢Ğ$ı¶Ÿ#,d«ÉŒƒ(?KT¬JR¥Û¸SŒû%C7ôjûHšÖbæµƒj+ÊáN$©,³[.@Ë¹›ĞÑ¾ÿş_ ÈÏà?™.3ëÖúÄµÂH"U$âĞZ¶^ªñX0É2!KÚc©	²ù¥8Åqè.N«¬‰ˆMI6–N&3µŠ÷n8´¤eë¤ëöÁx¥oéÈW¦fP˜™Ä²ËŞB<pğ—¿R·ÿ±EAì®¤dÑ¨o$*ÎäÈm³)e9¥D©«5‚X[…·T$©LÎ :]†C<I·äPPÁ\:­q´HDI+Ì˜…Hg«š¿Pf~˜Ó®Õ4›W†İ™€İ’Ò{¤M(§Æú‘¿s?ø² D^(õû<Ed«Rfq7¶~÷6´²Š>$n#m›±C±ëÖ[P~ˆYØtè*dÏ?§\÷q´®^WÇÁôıØùõ›XsìÄ!ÓEæü-øø­·2#—°ûË_Æàmw£å¼õ8û;·2!váàwà…ü:™D²¾”á›Uôn½Ëßó$)GàiG–nÎ3_ÿÆoş¼ñ	EÕZE3Øk½-™™–îEHv.œOÃ»zĞEŠòø>€™ç"Ö›Á¦Ï}í§l÷\¼³‰/-À·nÅØ±QôÄãH¦ÛÔ½aâb*â#K×‹¶eIÊÆ³d#G¨et\¸§æóêş	,:•‚MëÛÃœÇIC³}òmúÙ½ƒO?¶e«°bË%¤øËÙ°SÛö²tíB|Aznôéßazÿ*µÏFlQ/¬Kàƒøu¿uı*1’wËDÖvÖ¿E„×ÛÖ¯SJTK¸ı;(¼4 k–Æ£;v2P9º—`Ìk‰Œ©ê»{ï¿?~ß_ã‰[¾Ùh¬Ê¢^9×Ñ„Ç¡;„m|îğİ]oÒ9<#Òjz…\“èwÄD½,8éVĞ]ä]©%K9e­êræ‡‡0ñônº¶©Û^FcIÂ>é`¡U–¾ùb¼í+²kÖ…O1|NO©šæ]‘t+,Èl©_³Ë®6«	Ä’D½¼b§rzß^•pe7^ßåï¨ß[ñŞaûŸÃ¾oÜÎç¢º jNˆÆ+x×Òs·¨áNÓC÷ß…ÉÇwĞÌÎ¼ç7|üz¬şà‡a2õ,•¤ô
    omîµrb©ÆZˆ‰~¥›,pN>¶;?÷Y,İzÚï²™¡[uâ—¿ãjüîÌ¾ªq4aÄ<qÛIø’ªZcû¿ƒ§>ıôúqîæ±Ú¶Nu6Z£‰»id‡÷êàîè@âÜõh!•åçâÁ!µF9òğ#˜Üş,#UŒØr±áºOaÑ—0=DÃ¥„ ,,›,b¡±E·#ÏÿôÇÈ®Xƒ¾3ÎÂª‹ÿ÷Şê¶=ÌaÖ<Ó=ÿ&_~	ÙµëÑ½acj˜Áñ«’†ÂLsÎXuéX¾åB
    è(wzò£EÀ»ék_QIÙ*4'Ñ£«SÙl£–Êç{’.,¬pÛµÒĞ2ë¡`jpÜğ¨Ìå^Ø‡‹núZÎX¡öPÉò—Åº^]wŞ‰Ÿ]ûaìÿÅÏÃQ-µàoIÆ5íº’O“3a–]¨
    _¬wb	Å­L¬]êº$ÁÖ§"½|sÔ©È¬=İVˆÑïŞLIUªbYY‘æ®­Í¢I¢$˜Òt¿½ùf$2í|r;ÿ~'îúèG°òôˆSøXk©á‡¦ğÔ­ßF4Áô—‘b‘4úìxúßo[,¢04F•Àì¡~<}Û­ª ßÃRš%mybš×¾Å\mlO—‚.4}t”E\€½7}M)¯êtÕ‰ô1şì3˜x”îF÷
    [¾-»2Æ6ãºtïä¢„İ&ü¨èEÑ"9Œ€;ÂÙœ±rq	âe)ÍßK!Ç:bŠæwY¡	}¥g;J×¨”Õ)5D$!KÉ¤9®Êß«-Kñ˜Ú$ë$¢ì	»óè±h–l™…ŞDÚØÖUFF
    ª¡J{s2®R‰Ë6rC÷Õ&ğ¼&æ0;ûá@>›ç]›/¤Z’3±E,k;(2^‹®å0ÚÔ9<µjCE“õíSõ{Ğ}àéŒ6NF´â)ü6/”ª}.‚KZâ%Ùğ|Ÿ×ïSĞğš6W6ïëm R=Ò*	íğ¿'MO‡R…Û8P«Áë«5~ÓçF£¡ş]w„0êXhq©H°…u89c´Ä¤«
    øğúÇjQkª¿P±Pß
    üÊ‡,Éáø?'ş?àäËÕRƒI!ÿ4#ßm¼÷³Ú£ÿ'À ¾˜œ-ë³    IEND®B`‚' with headers {'Accept'=>'*/*', 'Accept-Encoding'=>'', 'Authorization'=>'AWS AKIAIPWG2V7NAID5EWAA:dtHGuty4RCuqYhZ+h/LTkE44aVE=', 'Content-Length'=>'6646', 'Content-Type'=>'image/png', 'Date'=>'Thu, 29 Oct 2015 14:46:37 GMT', 'User-Agent'=>'aws-sdk-ruby/1.55.0 ruby/1.9.3 x86_64-linux', 'X-Amz-Acl'=>'public-read'}
    
    You can stub this request with the following snippet:
    
    stub_request(:put, "https://test-rigse-image-upload.s3.amazonaws.com/attachments/33/original/rails.png").
      with(:body => "\x89PNG\r\n\x1A\n\x00\x00\x00\rIHDR\x00\x00\x002\x00\x00\x00@\b\x06\x00\x00\x00X\xD5${\x00\x00\x00\x19tEXtSoftware\x00Adobe ImageReadyq\xC9e<\x00\x00\x19\x98IDATx\xDA\xAC[\t\x94\\e\x95\xFE\xDER\xAF\xD6\xAE\xAE^\xAA;Iwg\xDF\xC3\x12\x82a\xD7\xC8\x19@`\x14\xC4\xF1\xC8\xC9\x01\xC7\xED\xE8\xA8g\xC6\xE3\x9C\x01GgDgt\xDCqD\x18FqF\xF1\xA0\xA2\a\x06D\xC4qF\x11\x10\x81\xC8\x1A\x92\x90\x8D@\xD2\xE9N\xBA\xD3\xFBRU]\xCB\xAB\xF7\xDE|\xF7\xFF_-\x9D\x04Q\x98\xC7y\xE9\xAA\xF7^\xFD\xEF\xDE\xFF\xDE\xEF\xDE\xEF\xDE\xFF\xC7\xB8.\xDD\x8B\xF00\x82\x00W\x06\xC0_\x19\x066\e\x80\xCDk\x01\x9A\x0E\xF9b\xF0f\x10\xCC\xBB\xDC\xB8\xF9\x87\x0E\xA36\xC0\xAB<\x174\r\xC6w5\xFF\xE6\x15~*r\x8E\xDB\xE1\x97\x16?\xC0\xBF9\x96\xF1\xEE\xF6\x88m\xB4\xD8&\"\xA6\x16\xD8\xE3M\xDF\xF7\xF97@vm'\xDA\x16\xB7 \x90{\xBC\x06_\xBFS)V\xFB\xAC\xFFi\\\x93\xC3W\x17\xF4G?\xA8\xCB\x19\xB8\x1C\xD5\xABj\x11M\x8B\x17d\xDC@\tlDLX\xE9\xB8\xBAW-T\xE0\xCDU\xE1\x15+@\xDEEP\xE0o\\\x1F&\a*R\x8E\x9D\xB9\xA2\xA7\x14\xE1\xFBnn\x89\x98\x7F\xB9,\xE1 f\x9A\xF0D\x81\xC0WrX|\xB8\xCA3\x9EM\xA3=\xDB\x06\xA7\\\x82\xDD\x16\x83\x9D\x8A\xAB\xF7\a\x1EE\xE7\xB3J\x88\xBAB\x81\x96[d\xF6\xB56A\xA8\xA8\xBA'\x9F=\x0F\x91t\e\xACx\x02^\xA9\x84\xCA\xD4$\xC7\xF2a86\xCC\x88\xA5\x15\xAE\xF2{,\n\xCF\xB1P\xB5\xA9\x8CepN\xF8\x9E*_\xECW\xA9\x88_3\xA2o\xF3\x9F\xB7;\x86\xF1\xDE\xA5\xF1(\x950\xE0\xF2E\xBE:\xA1\xAC\xE0\xF1\x83\xCF\xD9i\xEF\xCB\xD2\x126\xAAe\xCE\xCCX\x01n\xA1\x8ChG\x12f\"\x06\x83\xC2\xFA\x14L|S+\x11(+\x04.g\xD0\xA4\xBE\x96\xADg=\xA8Y\x87c\x97\xCAh=m#V_\xFB\xB7\x14\xAC\x8A#\xFF\xFB\x13\x1C}\xE8\x1E\x18\xF1\x18\x82\x12\xC7\xAA\xF2\xDD\x15\xCE|\xB1\x8C\xC0\xE2tR\t\xF1\x04\x9F\xDE\x12D8V\xD9\x10\x01\xD5\x84\x89\x05M~x\x7F\eg!ni%D\by\x9F(\xA1\x94\xA1\x90\x89\xEE\f\xE2\xE9\x14\x85\xF5\x95\xDBB\x06,{(\x8F\xE4\xE0N\xCE\xC1\xB4\xE3p\xD2\x1D\x88$3\xB0\xE3i\xD8\xB1$\xECh\x14\x9D\x9B.@\xDFe[a'\xE3\x9Ce\xBAJ\xD4\x82\x15\xB3y\x9A\xBC\x16\xC5\xEC\x8B\xCF\xA04>\x8CH*\x83\xF6M\xE7\xC2\xE9HQ(Jg\et-\x83\xD6\xA2\xBBQI\x8D\r^\xB7\x82\xF0\x9E\xA9d\xD0\xC2\x84@\xE1\xE7s\xD3\xD4\xD2\x0F-\xA1'-\xB4\n51\x13\x11\xA4{\xB3'\x00\xD20\xF5 \xD5\xD9\x02|\xCEn4\xDB\x89h{V\xBD@\xDC\xA9\xE7\xE2w\"\xBB\xE9B\xBE\xCBT\x8A\r=r\x9FzqP\xADpB\xE8\x16\x91\b\x15H\xE3\xC8\x83?\xA2\xC5\x88\x83\xE2\f]-\xC3q\xF3pgsP\x1Ei\x8AS\xD3\xAA\xAE\x85\xF6\x8Dg`j\xD7n\xB8\xF9)\x98\x0E\x15\x89\x9A\xCA\xF5\x1A\x8A\x00\x11\x01\xB6\x0Fm\r\xE5\xBE\xA1B2L\x86.\x15\xA5\xFBx!\xB8j\xA6\xD4\xFA\x18J\xA1\xC0\xF7P\x1A\x19! K\x88/\\\xA4\x04\n\xCA\xAERB\x8E\x8E\x8D[0\xB5\xE79Tr\xD3\x88u. \xDE\x16\xA2u\xE5\xA9H\xF6\xAE$\xB4\f\x85\x17\xC1\x99DDQ\xD2+\xE4\x90\e:\x88\xDC\xC1\xDD\x98\xD9\xBB\v3/\xBE\x8C\x05\xE7n\xC1\xF2\xAB\xDE\x8D\x9D\xFF\xFA%\xE4\xF6\xF5Sj\x8Em\x892\x8D\xD0\xE5\a!&D\x19/\xFC[\xA5\eE\xDA\x13Hw\xB7\x13W\xFE\t\x16\x91\xDF\x18A-RR!\x0E\xEA\x95\xE6P\x18\x18\xA0e\x8A\x18u\x1F\x84\x95H\xC1im\xC7\xE8\x93\x0F\"\xB5t\x1D\xDA6lF\xB2g\xB9\xB2\xD0\xAB\x1D-\xCBO\x05.\xB8\x12\xE5\x991\x8C?\xF7\x04\xC6\x9E\xFA\x1D\xD2ksX~\xF5V\xEC\xFA\xEA\x8DtmZJ\xF0R1\xEA\x8A\xD41\xE8\xE9\b\xA6\x01N\xF7\xCC\xF4u\xC1&\xD0<\xCF\x7F\xF5\x04\xA0\xE2\xBD\xA9,T\x99\x9Ab\xC8,`\xF0\xE7w\xA2\xF3\xCC\v\xB0\xF0\x8DWP\x81\xA5x-G\xB45\x8B\x9E\v\xAF\xE4\x18\x97\xE3\xE8\xC3\x0F`\xF8\xB1\a\x95\xD5\xB4/5pb\xEA\xF0\e\xD4\xC1\xAD\xACA\a\x8D\x13\xE0\xA9\xF6t\xA8\xC4I\x12V\x18J\xE7_\xAB]\xA7\x9B0/\xB4\x9D\xB2\x89\xBE\xBD\x89\x16\x9DDi\xF2H=\x14\xBF\x96\xC3\xB4#\xE8\xBB\xF8*\x9C\xF677\xA0\xE7-\x173\x82\xD1\xF1\t\xFE\x1AVu\x1EQ\xD80\xEA.\x85\xA8\xCDp\xDB\xDD\x94\x8E\x8F\xD3%\xD0y\xC0w\t\xDA \xC2h\x14\xD1\x99W\xF0\xE2\xB90\xE3),\xBA\xF42$\x97\xF4b\xFA\xE06&\xB2\xBC\x12\xC4I/@b\xE1j$\xB2\xCB\b\xF6\xF8I\x05\xAE\x96\x8B(\x8E\x1Cfx'\xA8\r\xE6\x90J\x85n\xCB\xC9O\xB5\"\xB1`\xA9\xC2\xD8\x19\x9F\xF8<-\xBC\x18/\xDF\xFA\x9FL\x8E\xAE\x12\xD1\xAE%^\xCF\b\x14\xC8\xAB\x9C\xCD\xB6\xDEn\xC4\x182\xBD\xAAw\xD2\x97\xF9\xE52\x12}}X\xFC\xF6\xAD\x18\xFA\xD5\xBD\xC8\x0F\xBCL\x80'Q\x9E\x9D\xA3\xD9-,\xBF\xFCm\x88/\xEA\xA4\x8B\x8D\xC24#0\x93\xAD\xB4\x8A\x8B\xF2\xF4Q\x94&\x060\x9B\xC80\xA4\xAF\xE0\xB9\x12NK\x97r\x0F\xAF<\x87\xE9\xFD\xCFb\xF6\xF0^\x14\x8F\x1D\xA2kN#\x12_\x00wz\x06U7\x8Fhg'C{\n-\xBDk\x90=\xE7\"\xACy\xF7\x87Q\"\x1E\xF7\xDE~\x8F\x9Aj\xEB\xBCh\xFA\xEF[#V\\\\\xCD\x15\x80\x93\x16t\xAF\xEA\xD3\xAE\x17\xCC'K\x843\xCCJQ\x85\xCE5\x1F\xB9\x9E\xBE{\x05\xDAO\xDB\x84\xC2\xB1~\x8C\xFD\xFEE\xE4\x06\vX\xF6\xAE+\xD1u\xD6\eT\xC23\x88/\xC1\x8Dd}j\xA4\xAC\"\xC9Q\x84.M\x0E\xA08\xF6\x12\xDC\xE2\x14\xE6\x8E\r#wh/\xEF\xDB\x8Cfg0\x14\xE7T\xE0p\x92\x9D\xFC9-\x1E\x8Fc\xC9\x15\xEF\x83C\xAB\xEC\xFB\xDE\x8D8\xF6\xD8\xA3\xCA\x8B&\x9F{\x0E\xB3\x83\xC3\x18\xCA\x95K6\xC2\xE4'f\xF1i\x95\xCC\xE2.D\x98 O\xB0F\xA8X\x95\x14\xA5\xF7\x92+\xB0\xE0\xBCKP\x9A\x1E\"\x850\xD0u\xFEE8p\xC7\xAF\xB1\xEA=W\xA1\xF7\xD2\x8B\xE0\xE5s\xA4Nt7_\x02\xB6\xA9\xC2t\x10\x98\xEA\xBB\x04q;* e\x06\x0F\xAA\xD8\xF5\xED\xDB0\xFC\xC8\x1Ed\xD6.\xC6\xEAk\xB6\xA2\xF3\x8C\v\xE9\x8A\xD3\xA8L\x8E\xA8I\xB0\xA2q\x04\xC5*\x0E\xFF\xF4{t\xB7\tZ%\x82\xB9\xE1~\xEC\xFE\xE6\x8D\x90\x14c\xC6\x1D%\x9A\xB2H\xCA6\xE2>sA,\x9BA\xD7\xB2\x85\xDA\xD7\xE6)\xA1\xA3\x83a\x10I\xE4E\xB9\x03C(\xD2ERK{8\x82\x81\xE7\xFF\xE9\xAB\xC8\xAC[\x8E\xB5\x1Fy?iI5$\xAC\x86\x0E%\xEA\xB7f\xF8{}\x8Au\xAC\xA8\x83\x97\xEE\xFA\r\xFA\xEF\xDEF\x81\f\xE4\xFB\xC71\xB6\xE3\x19\xCC\x1C~\x0E\xE3;v1l'\x11\x89\xA6\x98@\xE5\xE7\xA4F\x85\x19\xE6\xA1\x19\x06\x8C\n'IF'm\xF1\x18!K\xA47\xE3\x85\xD0\"\x8C&\x16\xAD\x90]\xD2\xCDw\v1\xF35\x05\xA8#\x904\x81\x02V\xA7i\xF2\x91\x12\a\x9D\xC5\xBE\x17n\xC7\xD4\xF6\x17\x10[\xD4\x05\x97\xE1v\xE3\r\x7F\xC7\x178\xC4\x9A\a\x9D\a\x85\xD8)>C\xE1=\x15L\xB4B\xB4\x88\x93\xC0\xE0o~\x8B\xE9\xBD/\x13\xF8\x19\xB83%\xBA\x8F\rw\xB4\x82\x03\xB7\xFFF\xFD4\xD6\x93\xC1\xCA\xBF8\e\x99\xDE>bWX@\x87b\xC6\x01\xC9b@\xBC\xD9IzP9\xD0I\xB1\x06v\xC1FfQ\x16\xC9L\x8B\xCA!2c\x06\xA3EP(\x01se\x124~\xA65\x02Rh\x83A\xC2\x8E9\x1C0\x82\x91_?\x87 \xE6c\xF3M\x9FE\xA2\xA7\x8FteV\xB9\x94Oa\x03Or\n\xDD\xD3\xF7B\xA6\xAA]\xCBp\xC8\xB1\x0E\x1F\xC6\xD8\x93\xBB\xB1\xF1\x93\x1F\"Ey\x1C\a\xEFx\x88\xCF:\xFC\xAD\t\xC7\x8A)\x8B\x96\x8E\xCCbl\xD7\x8BhY\xE2\xC0u\x85\xD6\xC4T\x02\xB4\x99d\x03\xE2\xD4\xAB\xE6\xC8\xED\x04w\x9A=\xD8\xA2\xA5M\x80g\x17w\x93VP\xE8\x99\x02OF\x1F\xCE\x92\xE22\xB6\xE65\x81-TD\x97[\x8A\xE5Z2\xC3>\x96]\xFDV,x\xD3\x9BIO\x8A\x04\xB2\xC6\x85)\x9CJ\x94\xF1\xCD\xBA[)?cn\x1128p\xFF#(\x8F\xE7\x10mk\xC7\xD2+.\xC2\xE8\xA3/\xA0ph\x9C\x1C\xCA\xAE\xD7Q6\x81?\xB3w\x1C\xE57\x91\xEE\xC7H\xE3Io\xC4S\x04j\x06)\x93\xC5\xC91<\xB1\xA4\xD9\xC8#\xED\xAC-\x9C\xA3\x13\xA8N\xE69\xFB\x1E\x14O1\xCD\xB0\xD8\xD1\xE9\xDE\x90k\xC2I\xE4\x12\x15\xF2K\x15\xB4\xAC\xE9\xC1\xCA\xF7\xBF\x97r:\xBC\xC7(\xC5\x97\x8B;\x19\x02r\xBA\x93R&<9\x80\xAA3\xA6v\xBF@\xC1w(w:\xF8\x93\a\xD0~\xE6:T\xA6\xF3\xCA\x1AFS\xDE\x92\xEF\x95\xB1\"\xA6\xF6\r\xA3\xE7\xBC\xD5\x8A\x92T\x03\xE1d\xAE\xCC\x1F\xACT\x82\xE39\x88\xE6\xFDP\x11Ib\x93\x05\x043\x95\x90\x85\x98J\xD8z\xE6\xF3T\x92Q\xD7\x84\xA5B\xD5P23\xB4\xC6\xB5\xEF\xA2\xE9W\x92\xAD\xCE*|@^\xA4\xAC\xA1)\x8DQ\xB3\x8C\xFC\x15w\xE5\x18\xC3\x0F?I\xAC\x15\xE9\x9Eq\f\xDE\xFB\x18\x8E=\xFC,\xBC\x99\x8A\x12<@\xD0 B\x12\x138)\x93;\x8E\xA2\xFB\xAC50\xF9\xBC\xE9\x15H\x88-=\xFD\x12T\x19\xC1\x02\t\xED\x94SA\xBA@\x8C\x94\x8C@\xB9\x84f\x825\xDE\x11\xA8r\x94\xE9[\x83\xCAT%#c|\x85\xF5\xC3Z&\xC4w(B)tD\xB9\x95\x15Q\x7F%\xCA\x18v\xF8\x99yC\xFE\x9A\x91(\x13\xE2,\xC6\x9F|\x01\x16\xEF\x89\xC1\x83\x8A\x8F\xCA\xB0\xB6\xC6\xC9i\x89\x89\xB9\x81\x19\xE4\x06&\x14\xE5\x97<#u\x8D:\x1D\xCD\xEB\xAA3E\xADH\x8Dk\xCDz\xD5\xD0\xB4\x8D)\x11nd\xB6\x10\xD8F\x15>1\x10V\xE4\x142\xC0\xB2k\xAEF\xBC\xBDGYL\tK\xE1MQ\xC0lR&TB\xFE\xDA,igv\xBF\x88\xF2\xE88]C\x15\x00\x9C8S\xB1f#\xC4\x85\x114\xE6Q\xA1\x8A\xDA\x06\xAC\xD5'\x9E?\xCC\xE7\xA2,\xC8\x12\xCA=\r\xA5\b\xCBaV\x90\xD59WEX\xB3\xF6\xB3Yr\xA7r\xE0\x87\xAA\x04*\xD4!\xE2c\xCD\xF5\x1F\xC4\xC6\xAF~\x1E\xAD\e\xD7)\xD0\xFA,=\xDB\xF8y\xD1\x9F]\xAA\x1A\aj\x96lGe\xED\x9AE\xCC\xBA5\xB4\x12r_2\xF1\xD4\x8E}d\x04\xD7\"\xBDa\x89\xAA]\x8C0\xDF\x18M9\xB7\xA6P\x8D\x88Z\xB6\x85\xD9\xDDG17\x9E\x87\xCD\xCCnE\"\xCAR\xA2\x88\xC7r\xDB\b\xF3\\\x18\xF1Y\x87Q\x89)!|5U(d\xAC\xB7\x13=\x97^\x89\xC5\x97\xBF\x13o\xBC\xE3\xC78\xF5\xB3\xD7+\xD0\xF6\xBC\xF52\x12\xC0NU\x93\b6jB[\xA1\xE0\x10\xEB\x88B5\xC5\xE8V.\x01]\x9A\x1E\xC5\xB2\xADW\xE3\xF4/^\xAF\x94\x91\xE4\xA9\xAC\xD0\xF4\xDF\xF1\n\x19\xB4\x8A;Y\"V\xFAi\x91$\xB1\x92\xA42\xB6\x8A\x9C\xD5\xD9\xB2\xBA_\xA7\xF1\xB5c\x82\x89\xC6\x15\xAB(F^E\xE7\xF9g\x93q\xF6\xA9{\x96C\xB0\xF1\x8C\xF7P\xB9\x8B/\v#K8\xE3\x96\xDD\xF4Y+\x00Q\xC8\n\xDDM\xF01>\x81\xDC\x9EA\xCC\xEC\xDF\x8F\xAE\xCD\xE7\xA2\xEB\xC2\xCD,g\xDDy\xAEt\xB2\xDE\x95n,\x98\x98z\xBE\x9F\x14\xC5E$\x91V\xC0\xF7\x8A.\xF1\xC9\xE4\ev\xDF\xCC\xE6\x1F\xCC\x11\x13\x13\xE2.\x86\x8EP\x16yLa\xE8p\x8D\xF3\xE2\xC8\xCF\xEEG\xE79Tn\xD1\xD2:ui\xE0\xC0\x9A\xE7RZ!\rz\x8BI0?\xD0\x8F\xD2\xE11<\xFF\x89/`\xE0\x81\xFB\x987\xC8\xD3$)X\xC6q\xF8h\xD8\xA6v\x9At\xAF\xB9\xC3\x93,}\x87\x98\x04\xD3\xE4jIT\xF2eu\xD3\xB0\xCC\xF9\x15\xA2r0\x9A\xEB\x18\xB3h\xA7%\x94 \x89\xA3\xFF\xFDK\x8C\xFC\xEEQ\x92\xC2\v\x983V\xA30<\x88%W\xBF\xEB\xC4&\xA2\x84V\x82< \xCE\xC45%\xD4J2\x94S\xF8\x99IE\n\x03\xC3J\xD2\xCAX\x1E;>u#\xAD$\xAC6\xAA\xC9\xB1\xAF\xF3GM\x99\xC0h\xD8F\x85d\x11\x98td|\xDB~d\xCF\\O9Ij\xE7**z\x19\xE1D\xD8\x8Db)PB\xCC\xD2\xBD\xA6h\x95\x85-q\xF8\fq\xEEl\x91%\xEB/\x80{\xEFGz\xCD*d7\x9F\xF3\x8A=Q\x8D\x0FS\x15]:\x87\x88R\xBA\xA9Qb\xC2U\xE0MP\xE1\x92\xAF\x82\x86\x19\xF2$%\xBD\x19\xE6\xA8 d\x0Eu]\f\xF5\x88Xef\xEFQz\xC8$\x9F\xAB(\xBE\xA5'\xD0\x98\x8F\x91Z\x8BH\x8A\xAB#\xE4\xC7A\xDCR\xC2X\xAC\x16\xEDDB\t\xD8~\xF6\e\x14\xC8\xFF`\x8B\xD70\e.F|X\x8CX\x81K\xEC)\xE6\xEA\xE9\x99w\xACFo\xCAlzy\xC8h\xD4\xDF\x9A\xBB\xD5\xDCKz\a\xB3\x15\x8C>\xB1\x93\x14\x7F\x82.\e&n\x13\rEj\xCD\a\x84\x99U,2'\x95\x83\x15\x16\xF7\f\x00&iw\xF6\xAC\xF3\xFE\xE8\x1A[\x92d\xAD\x90\x12\xC0[\t\a\x99\xD3V)\xF6*\x15\xA6Q\xA7a\x86v\x8F\xA6\x86\x9B\xFAl\x19\r\x85\xEAQ\xCCDit\x04\x9E[V\x8AI\x9EQ\x89\xDAhR\xC4@\xBD\x0F\x8D$)\xC9\x1Cy~m\xC6|\xD2\xF8\xE4\x8A>\xBA\xD6\xFA?\xADc\x10J+V\xB2H'6\xFE\xCB?\xE3\r7\x7F\ri\xD6.\b\xFBX\b\x8BH\x158\xCCF\a\xDE\xA8)d\x86AY\xF8U\xC2BjE\xBB\"\x97\x8A.\xF14\x8Fw-?l\xCD\xDA\xD42\xC3Y\x9C\x99.\xC1\x95\xFA\xCER\x9Dj\xA4W\xACD\xA2\xAB\xF7\xB5\xF6@B\xDC\xD8\xAC.\xDF\x86s\xFE\xE3[H-g\x9DA\x97S\x02\x99F\xA83\xFF\xDAF\xFD\x1Aj\x99\xC5\xD2]\xFA\xD8\xA2\x14\x9C\x8E\x84\xCA\xE8BP\xEB\x96\xAC\x85_\x01\x97\x11\x02>M%bt\v\x97\xA9?_r\xD5\xAC\t-h]\xB7\xF6\xB5\xB7r\x9C\x18_\x18\xC5\xBE[n\xC2\xC8\xB6\x87\x98\x9B\x16Q\x91\x15\xAA\xE3\xA2+G\xD4\xAD_\xFB\\\xC3\x8A\n\xB1\x81\xFE\x9EZ\xD9\xA6f\xDCe\x0E\xD1\xD6\xD0\xCF\x06\xF3\et\x8C(|\xBAU(\x87\xDC'.g\t\xAEVF\x19\xC3\x16EN\xC7\xEB9\x92\xBD\xBD\x18\xFC\xE9}Ll\xBB\x184\xCET\x14\xC5&nto\xC2\xA8\xD3\x92 \x9CX\t\xC9F\b\x0E\xDF\r\x10\xE9\x88\"\xBA\x80\x85_\x89\xD5fYz\xC7F\x1D\x1F\x98\x17~y&\b G\x16u\x18]$\x9B\x16\xA7\xE6\x90O[\xC8\xF6v#\x9E]\xF0\xBA\x14\x89.\xE8@$\x9DVA`\xE2\xB1\xA7T\x10\xB0\xA2\xD1\xB0\xF5Z[\x1C2\x9A\xBA\x96\xB5u\x16\xDD+\x88/mU\xC1C\xF2\x87_\rT\xBDn\x87y\xA4\xD1\xA0\v\x7F\x97\x16|l\\\r\xAB\xB3\r\xB9\xFE\x01\xCCM\xCC\"G\x17[\xBC\xB8\x0F\xB1\x8E\xEC\xEBR$\xB5d\x99\x8A|:\x97\xC4\x9B\xBA\x93F\xBDIi\x84\x1Dre\x8D\xDA\"\x17\xD9\xB5\x19\xB3\xE1t\xB7\xA0\xCA\x00\xE4\x93\xFA\a,\x1D\xBC\x12+\xDB\x8C\xAD1\xDC\xECZ1\xDA1\xC9\xC8\xD2u\xD1\e\x91dt*\xE7K\xA82\xE9\f\xDCs\x17\x8Cd;\t[\xEA\xF5)\xB2x\xA5\xB2\x80W.\xA1\xB9z2j\xE5Th\x05#D\xAEV\x8C\xDF\\\x1FNO\n&e\xF3\x85_\xB1v\x92U2\x9F\xD7\xDDB\xE8^\xB5\xA8%\xE3\xB60\x0EF\xDB\xD3H\xF6\xF4\xB2\x06(\x12/\xD4\x98I\xA72>\x89\x92\x95\xC0\xEB=\x9CL\x06\xF1\xC5]\xBA\x19\xD1\x04d\x1Dv\rUU\xEBpk\"\xEC\x18ijB\x19\x9C\xAE$\x15\x92\x15,O-0y<}~\xAE\x10\xC3*T\e\xBA\xF6\xA35L\xC4\xF9ErE4\xDDB\xDF\xB3X\x8A\xC6X\x82N\xA3:<\x869\x9A\xB2\x1A\xBC>E\xECd\n-\xCBV*\x8B\xF8\x15\x9E\xAE\xAB\xBB\xEAu\xA5B\x85L\xCD\xDD\x10\xD2s\xBB\x8D\xB5N*\x8A*\xAD\xE1\x85Jx\xE5\xAAR\xC8\xCDU\x18\xC1\xF4\xC4\xE8\xBE\x96,\xF4\xC8\xECT\xCA(\xEC\xDB\r\x83\x95\x18\xC8\xFB\xCBG\au\xD4 \xFF\x9F\x18\x1C@\xF7\xE2\xC5\xAFY\x11\x83\x05{\xEB\xDAu|\xF9\x04C\xEFJF\xAF\x9D(OL\xB0b\x9C\xD4\x19\xB1\x96\xD1\x02\xEDn\x82\x11\xD5\xB4iKhp\x8B\xF0\xD2\xD7\x12\xB7\x92F\xBBtx8\x0F\xB3#\x15\xB5\xB8\xAA\x149Fs\x17\x19\xB1F\x9F\xDA\x8B\xE8\xB3\xFB\x18\xBD\b\xAEDT\x91\x9D\xA8\x13A\x94n1v\xF0eF\xAF^M\v^k\bf\xD0\xC8\x0F.\xC4\x86\x8F\xDD\xA0V\xA8\xCA\x93\xC7\xB0\xFD3\x9F\xC4\xF8\xE3\xCF\xC0J\xC6\e\xCB\x14a\xE3Y@n&\x1D\x02\xBB\xAAj\x0F\xB5\x82Ll\xF8\x04:\x8A\xA4M\xF4\xAC\x89c\xD3\x9A\xF0\xEA\xC2\x85\xC6\xE0\x97<\xFFN\xF0\xC1#\xC5\n\x8EN\xE4062KkY\x88\xB5\xA4Q\x18\x1D\xC6,y\xCE\xEB9\xDA6lB\xFEp?r\x87\x0F(\xDA\x12\xEBX\x84eW_\x13.K\x04uJR'\x82-\x8E^x\xA2\"^\x9E\x91j\x92n5RE0&\xA6`i\xCEP\\\xAC\x94\x1A4^\xBA'j-\x1D!\xF5\xE6\x9D\x92*\xB4\xA8`4\x86\xA3\xFC]\xD4-\"\xF1\xE2>\xB4vu\xD7\xCB\xCB?9\x97\xB4w!\x96\xED\xC2\xCE/~\x1A\xAD\xEB\xD7#\xDA\xDA\xC9h\x18\x85\x93\xED\xA0\x9BM\xAA\xC4\xDB\xC8\xF2\x94\x83\f\xDA\x9B \xB0\xF3\xAE\xCC\xB4nM\x05A}m W,)\x1E(\xEC\xC3\xAE\x85.\xB5\xA6N\r\xACy\xDB%$\xE6\xC7\xE0\xB3*\xCB\xF3\xDE\xFE={P\x1D9\x8A\xEE\xF5\xA7\xA2c\xE9\nD\x93\x7FzH\xEE>\xFFBl\xFF\xE4u\x98\xDE\xBEK78\x98x-\xD6>V,\xA2\xF3\x89'\xB5JU\xBB\x8F\x10\xD7 \\L\xAF\xB9]\xC8l\xA5\xE9>W*\xAA\x1D\x1Ar\xA1\x9E\xD9-h\xABX\xF3\xAAf~oI\x86\f\x93Z3f\xE7\x8E\xB1\xEE>v\x14\x89\xF6N\xB43\nu\xAFZ\x87Tgg}\x05\xF7\xD5\x8E\xF6363:.g\r/-\xD2H\xB8+\"P\x89\xCE\xCFK\xDB\x89SZ\xF44\x81\xB4\x84\xF2Z\x8D\xD5\x01_\xD7\e\xF2\xA6<K\x81*\xB9\x9A\xAD\xDE\xEB7\x12\xA2\xC8*\r\xEC@g\xA5yK\n&\x13\x99\xF8\x9B\xB8A\xD2I)\vW\x8B\xB3\x18\xDA\xF94F\x0F\xECF[\xDFRt\xAD\xDE\x80\xCC\xC2\x1E\xBE\xD7\xFE\x83\x8A\b\x83\xEE\xDE\xF2&\f\xDC}7'\x99\xAE\xC3\xD9\xF7f\xAB\xAA\x7F\x057h`\xDD0\x1A\x9D\xCE\xDA\xFE\x95p[\x87(>GlXM\xBEc7\xB6\x06\xE9\"\xA7\xCA\x1F;\xD2\xBF\n\x8B\xA3\xF2\xD0(\x8E\xDD\xF7\x135f\x82\x05M\xC4\xF0UC\xAF\xB6OF6\xDC\f\xB1\xCE\xDFC\x7FNf\xB3t\xB9>$S1V\x86a\xE9\xEA\xEBR\xB7&\x9C4)\xE6\x8E\f\xA1\xCA\xC8\xE2\x8D\xCD\xE9\xD9\x97\x86\x9Da\xA0y\x0E\x15]\x91\xE4%\xEDW\t\xB7A\xCD\x1A\x06*|g\xA9X\xD0{Q\xA4\x9F\x06c>iTX1\x82F\x87\x89\xA0\xAE\fM`|\xE0!\x15\xD3[$\x82\xB1\xA6P\x8A4\x9A\xAA\xCA\x8A\xA2\xD0$\xFD\xB6\x9F\x7F#,\x8F\x13d\xAB\xC9\x8C\x83(?KT\xACJR\xA5\xDB\xB8S\x8C\xFB%C7\xF4j\xFBH\x9A\xD6b\xE6\xB5\x83j+\xCA\xE1N$\xA9,\xB3[.@\xCB\xB9\x9B\xD0\xD1\x7F\x10\x06\x81\xBE\xFF\xFE_ \xC8\xCF\xE0\x04?\x90\x99.3\xEB\xD6\xFA\xC4\xB5\xC2H\"U$\xE2\xD0Z\xB6^\xAA\v\x15\xF1X0\xC92\x1D!K\xDAc\xA9\x1D\t\xB2\xF9\xA58\xC5q\xE8.N\xAB\xAC\x89\x18\x88MI6\x96N&3\xB5\x8A\xF7n8\xB4\xA4e\xEB\xA4\xEB\xF6\x01\xC1\x1Ex\x8D\xA5o\xE9\xC8W\xA6fP\x98\x99\xC4\xB2\xCB\xDEB<\x15p\xF0\x97\xBFR\x16\xB7\x8F\xFF\xB1EA\xEC\xAE\x16\xA4d\xD1\x12\xA8o$*\xCE\xE4\xC8m\x18\xB3\x13)e9\xA5D\xA9\f\xAB5\x82X[\a\x85\xB7T$\xA9L\xCE\xA0:]\x86C<I\xB7\xE4PP\xC1\\:\x81\r\xADq\xB4\x14HDI+\xCC\x98\x85Hg\xAB\x9A\x1C\xBFPf~\x98\xD3\xAE\xD54\x9B\x9EW\x86\xDD\x99\x80\xDD\x92\xD2{\xA4\x02M(\xA7\xC6\xFA\x91\xBFs?\x06\x1F\xF8\x1F\x18\xB2\x00D^(\xF5\xFB<Ed\xABRfq7\xB6~\xF76\xB4\xB2\x8A\x13>$n#m\x9B\xB1C\a\xB1\xEB\xD6[P~\x88Y\xD8t\xE8*\x15d\xCF?\x15\xA7\\\xF7q\xB4\xAE^W\xC7\xC1\xF4\x81\xFD\xD8\xF9\xF5\x9BXs\xEC\xC4!\xD3E\xE6\xFC-\xF8\xF8\xAD\xB72#\x97\xB0\xFB\xCB_\xC6\xE0mw\xA3\xE5\xBC\xF58\xFB;\xB72!v\xE1\xE0\x9Dw\xE0\x85\x7F\xFC:\x99D\xB2\xBE\x94\xE1\x9BU\xF4n\xBD\x1C\xCB\xDF\xF3\x01$)G\xE0iG\x96n\xCE3_\xFF\x12\xC6o\xFE\x01\xBC\xF1\t\x15E\xD5ZE3\xD8k\xBD-\x99\x99\x96\xEEEHv.\x9CO\xC3\xBBz\xD0E\x8A\xF2\xF8\a>\x80\x99\xE7\x0E\"\xD6\x9B\xC1\xA6\xCF}\x06\xED\xA7l\x9E\xF7\\\xBC\xB3\a\x89/-\xC0\x0F\xB7n\xC5\xD8\xB1Q\xF4\xC4\xE3H\xA6\xDB\xD4\xBDa\xE2b*\xE2#K\xD7\x8B\xB6e\x11I\xCA\xC6\xB3d#G\xA8\r\x03et\\\xB8\x11\xA7\x7F\xE6\xF3\xEA\xFE\t,:\x95\x82M\xEB\xDB\x8E\xC3\x9C\xC7I\x0EC\xB3}\xF2m\r\xFA\x18\xD9\xBD\x1D\x83O?\x81\xB6e\xAB\xB0b\xCB%\xA4\xF8\xCB\x90\xD9\xB0\x06S\xDB\xF6\xB2t\xEDB|A\x8Fzn\xF4\xE9\xDFaz\xFF\x1E*\xB5\x11\x9D\e\xCFFlQ/\xAC\x15K\xE0\f\x1F\x83\x15\xF8u\xBFu\xFD*\x0E1\x92w\xCBD\xD6v\xD6\x1D\xBFE\x84\xD7\xDB\xD6\xAFSJTK\x05\x1C\xB8\xFD;(\xBC4\xA0\x16k\x03\x96\xC6\xA3;v2P9\xBA\x97`\xCCk\x89\x9D\x8C\xA9\xEA\xBB{\xEF\xBF\a?~\xDF_\xE3\x89[\xBE\xD9h\xAC\xCA\xA2\x8E^9\xD7\xD1\x84\xC7\xA1;\x7F\x84m|\xEE\xF0\x7F\xDD]o\xD29<#\xD2\x06jz\x85\\\x93\xE8w\xC4D\xBD,8\xE9V\x9D\xD0]\xE4]\xA9%K\x909e\xAD\xEAr\xE6\x87\x870\xF1\xF4n\xBA\xB6\xA9\xDB^FcI\xC2>\xE9`\xA1U\x96\xBE\xF9b\xBC\xED+\x0E\xB2k\xD6\x85O1|NO\xA9\x05\x9A\xE6]\x11\x91t+\x12,\xC8\x90l\xA9_\x13\xB3\xCB\xAE6\xAB\t\xC4\x92\x03D\x19\xBD\x04\x1E\xBCb\xA7rz\xDF^\x95pe7^\xDF\xE5\xEF\xA8\xDF[\xF1\xDE\x0Fa\xFB\x8D\x9F\xC3\xBEo\xDC\xCE\xE7\xA2\xBA\xA0jN\x88\xC6+x\xD7\xD2s\xB7\xA8\x13\xE1N\xD3C\xF7\xDF\x85\xC9\xC7w\xD0\xCC\xCE\xBC\xE77|\xFCz\xAC\xFE\xE0\x87\x18a2\xF5\x01,\x95\xA4\xF4\nom\xEE\xB5rb\xA9\xC6Z\x88\x04\x18\x89~\x9E\xA5\x13\x9B,pN>\xB6\x1D;?\xF7Y,\xDDz\x8D\xDA\xEF\x15\x04\xB2\x99\xA1[u\xE2\x97\xBF\xE3j\x1C\xFC\xEE\x9D\xCC\x1D\xBE\xAAq\f4a\xC4<q\xDBI\xF8\x92\xAAZ\x1A\x90c\xFB\x0F\xBF\x83\xA7>\xFD\x05\xF4\xFAq\x15\xEE\xE6\xB1\xDA\xB6Nu6\x1FZ\x11\xA3\x89\xBBi\x8Ed\x87\xF7\xEA\xE0\xEE\xE8@\xE2\xDC\xF5h!\x01\x95\xE5\xE7\xE2\xC1!\xB5F9\xF2\xF0#\x98\xDC\xFE,#U\x8C\xD8r\xB1\xE1\xBAOa\xD1\x05\x970=D\xC3\xA5\x84 ,,\x9B,b\xA1\xB1E\xB7\x19#\xCF\xFF\xF4\xC7\xC8\xAEX\x83\xBE3\xCE\xC2\xAA\x8B\xFF\x1C\x03\xF7\xDE\x8F\xEA\xB6=\xCCa\xD6<\xD3\r=\xFF\x14&_~\t\xD9\xB5\xEB\xD1\xBDac\x9Dj\x98\xC1\xF1\xAB\x92\x86\xC2Ls\xCEXu\xE9\x15X\xBE\xE5B\n\xE8(wz\xF2\xA3\x1FE\xC0\x04\xBB\xE9k_Q\x9DI\xD9\x81*4'\xD1\xA3\xABS\xD9l\xA3\x96\xCA\xE7{\x92.,\xACp\xDB\xB5\xD2\xD02\xEB\xA1`jp\x10\x0F\xDC\xF0\x0F\xA8\xCC\xE5\x90^\xD8\x87\x8Bn\xFA\x06Z\xCEX\xA1\xF6P\xC9\xF2\x97\xC5\xBA^\x8E]w\xDE\x89\x9F]\xFBa\xEC\xFF\xC5\xCF\xC3Q-\xB5\xE0oI\xC65\xED\xBA\x1A\x11\x92O\x933\x16a\x18\x96]\xA8\n_\xACwb\x19\t\xC5\xADL\xAC]\xEA\xBA$\xC1\xD6\x15\xA7\"\xBD|\x1Ds\xD4\xA9\xC8\xAC=\r\x0E\xDDV\x88\xD1\x81\xEF\x7F\x17\xDELIU\xAAbYY\x91\xE6\x90\xAE\xAD\xCD\xA2I\xA2$\x98\xD2t\x1E\xBF\xBD\xF9f$2\xED\x18|r;\x0E\xFF~'\xEE\xFA\xE8G\xB0\xF2\xF4\x8D\x88S\xF8Xk\x06\x05\xA9\xE1\x87\xA6\xF0\xD4\xAD\xDFF4\x9D\xC1\xF4\x9E\x97\x91b\x914\xFA\xEC\vx\xFA\xDFo\x81[,\xA204F\x9E\x95\xC0\xEC\xA1~<}\xDB\xAD\xAA\x00\x1A\xDF\xC3R\x9A%myb\x9A\xD7\xBE\xC5\\\x10mlO\x97\x82\x8E.4}t\x94E\\\x80\xBD7}M)\xAF\xEAt\xD5\x89\xF41\xFE\xEC3\x98x\x94\xEEF\xF7\n[\xBE\x18-\xBB2\xC66\xE3\xBAt\xEF\xE4\xA2\x84\xDD&\xFC\xA8\x1C\xE8E\xD1\"9\x8C\x80;\xC2\x17\xD9\x9C\xB1rq\x0E\t\xE2e)\xCD\xDF\x11K!\xC7:b\x8A\xE6wY\xA1\t}\x90\xA5g;J\xD7\xA8\x94\xD5)5D$!K\xC9\xA49\x14\xAE\xCA\xDF\xAB-K\xF1\x98\xDA\x15$\xEB$\xA2\xEC\t\xBB\xF3\xE8\x1A\xB1h\x1C\x1D\x05\x17\x96l\x99\x85\xDED\xDA\xD8\xD6\x11U\x81F\x1CF\n\xAA\xA1J\x15{s2\x0E\xAER\x16\x89\xCB6rC\xF7\x7F\x15\xD5&\xF0\xBC&\x02\xE60;\xFB\xE1@\x15>\x9B\xE7]\x9B/\x8D\xA4\x12\x8DZ\x923\x17\xB1\x1DE,k;(\f2^\x8B\xAE\xE50\xDA\xD4\x179<\xB5jCE\x93\xF5\xEDS\xF5{\xD0}\xE0\xE9\x8C\x8D6NF\xB4\xE2)\xFC6/\x94\xAA}.\x82KZ\xE2%\xD9\xF0\x03|\x9F\xD7\xEFS\xD0\xF0\x9A6W6\xEF\xEBm\x0E\x00R=\x8E\xD2*\t\x0E\xED\x9D\xF0\xBF'\x18MO\x87R\x85\xDB8P\xAB\xC1\xEB\xAB5~\xD3\xE7F\xA3\xA1\xFE]w\x840\xEAXhq\xA9H\x13\xB0\x85u\x1789c\xB4\xC4\xA4\xAB\n\xF8\x1F\xF0\xFA\xC7jQk\xAA\xBFP\xB1P\xDF\n\xFC\xCA\x87,\xC9\xE1\x8F\xF8?'\xFE?\x8E\xE0\xE4\xCB\xD5R\x83I!\xFF4#\xDFm\xBC\xF7\xB3\xDA\xA3\xFF'\xC0\x00\xBE\x01\x98\x9C-\xEB\xB3\x9E\x00\x00\x00\x00IEND\xAEB`\x82",
           :headers => {'Accept'=>'*/*', 'Accept-Encoding'=>'', 'Authorization'=>'AWS AKIAIPWG2V7NAID5EWAA:dtHGuty4RCuqYhZ+h/LTkE44aVE=', 'Content-Length'=>'6646', 'Content-Type'=>'image/png', 'Date'=>'Thu, 29 Oct 2015 14:46:37 GMT', 'User-Agent'=>'aws-sdk-ruby/1.55.0 ruby/1.9.3 x86_64-linux', 'X-Amz-Acl'=>'public-read'}).
      to_return(:status => 200, :body => "", :headers => {})
    
    ============================================================
  # (eval):3:in `put_object'
  # ./spec/models/attached_file_spec.rb:31:in `block (3 levels) in <top (required)>'

  3) ResourcePage after creation should allow a new file to be attached
  Failure/Error: @resource_page.new_attached_files = { 'name' => 'attachment 1', 'attachment' => @attachment }
  WebMock::NetConnectNotAllowedError:
    Real HTTP connections are disabled. Unregistered request: PUT https://test-rigse-image-upload.s3.amazonaws.com/attachments/34/original/rails.png with body '‰PNG
    
       IHDR   2   @   XÕ${   tEXtSoftware Adobe ImageReadyqÉe<  ˜IDATxÚ¬[	”\e•şŞR¯Ö®®^ª;IwgßÃ‚a×È@`ÄñÈÉÇíè¨gÆãœGgDgtÜqDFqFñ ¢DÄqFÈ’@ÒéNºÓûRU]Ë«÷Ş|÷ÿ_-Q˜Çyéª÷^ıïŞÿŞïŞïŞÿÇ¸.İ‹ğ0‚ WÀ_6€ÍkšùbğfÌ»Ü¸ù‡£6À«<4Æw5ÿæ~*rÛá—?À¿9–ñîöˆm´Ø&"¦ØãMß÷ù7@vm'Ú· {¼_¿S)Vû¬ÿi\“ÃWôG?¨Ë¸Õ«jM‹dÜ@	lDLXé¸ºW-TàÍUá+@ŞEPào\&*R¹¢§áûnn‰˜¹,á fšğDÀWrX|¸Ê3M£=Û§\‚İƒŠ«÷Eç³JˆºB–[döµ6A¨¨º'Ÿ=‘t¬x^©„ÊÔ$Çòa86Ìˆ¥®ò{,
    Ï±Pµ©ŒepNø*_ìW©ˆ_3¢oóŸ·;†ñŞ¥ñ(•0àòE¾:¡¬àñƒÏÙiïËÒ6ªeÎÌXn¡ŒhGf"ƒÂúL|S+(+.gĞ¤¾–­g=¨Y‡c—Êh=m#V_û·¬Š#ÿû}èñ‚ÇªòİÎ|±ŒÀâtR	ñŸŞD8VÙÕ„‰M~xg!ni%DyŸ(¡”¡‰îâé…õ•ÛB,{(äàNÎÁ´ãpÒˆ$3°ãiØ±$ìh›.@ße[a'ãœeºJÔ‚³yš¼Åì‹Ï 4>ŒH*ƒöMçÂéHQ(Jgt-ƒÖ¢»QI^·‚ğ©dĞÂ„@áçsÓÔÒ-¡'-´
    51¤{³' Ò0õ ÕÙ|În4Û‰h{V½@Ü©çâw"»éB¾ËTŠ=rŸzqP­pBè‘HãÈƒ?¢Åˆƒâ]-ÃqópgsPiŠSÓª®…ög`j×n¸ù)˜‰šÊõŠ ¶må¾¡B2L†.¥ûx!¸j¦ÔúJ¡À÷P! Kˆ/\¤
    Ê®RB[0µç9TrÓˆu. Ş¢uå©Hö®$´…Á™DDQÒ+ä:ˆÜÁİ˜Ù»3/¾ŒçnÁò«Şÿú%äöõSjm‰2Ğå!&D/ü[¥EÚHw·Wş	‘ßA-RR!ê•æP eŠu„•HÁimÇè“"µtÚ6lF²g¹²Ğ«-ËO.¸å™1Œ?÷ÆúÒksX~õVìúêtmZJğR1êŠÔ1èé¦N÷ÌôuÁ&Ğ<Ïõ â½©,T™šbÈ,`ğçw¢óÌ°ğWP¥x-G´5‹¯ä—ãèÃ`ø±•Õ´/5pbêğÔÁ­¬Aà©öt¨ÄIVJç_«]§›0/´²‰¾½‰DiòH=¿–Ã´#è»ø*œö77 ç-3‚Ññ	şVuQØ0ê.…¨ÍpÛİ”Ó%ĞyÀw	Ú ÂhÑ™Wğâ¹0ã),ºô2$—ôbúà6&²¼ÄI/@báj$²ËöøI®–‹(fx'¨æJ…nËÉOµ"±`©ÂØŸø<-¼/ßúŸL®Ñ®%^ÏÈ«œÍ¶ŞnÄ2½ªwÒ—ùå2}}Xüö­úÕ½È¼L€'Q£Ù-,¿ümˆ/ê¤‹Â4#0“­´Š‹òôQ”&0›È0¤¯à¹NK—r¯<‡éıÏböğ^¢kN#_ wzU7hg'C{
    -½k=ç"¬y÷‡Q"÷Ş~šjë¼húï[#V\\Í€“t¯êÓ®Ì'K„3ÌJQ…Î5¹¾{ÚOÛ„Â±~ŒışEäXö®+ÑuÖTÂ3ˆ/Ád}j¤¬"ÉQ„.M 8öÜâæ#wh/ïÛŒfg0çTàp’ü9-cÉïƒC«ìûŞ8öØ£Ê‹&Ÿ{³ƒÃÊ•K6Âä'fñi•Ìâ.D˜ O°F¨X•¥÷’+°à¼KPš"…0ĞuşE8pÇ¯±ê=W¡÷Ò‹àås¤Nt7_¶©Ât˜ê»q;* eªØõíÛ0üÈdÖ.Æêk¶¢óŒéŠÓ¨L¨I°¢qÅ*ÿô{t·	Z%‚¹á~ìşæcÆ%š²HÊ6â>sA,›A×²…Ú×æ)¡£ƒaIäE¹C(ÒERK{8‚çÿé«È¬[µy?iI5$¬†%ê·fø{}Šu¬¨ƒ—îúúïŞFäûÇ1¶ãÌ~ã;v1l'‰¦˜@åç¤F…æ¡Œ
    'IF'mñ!K¤7ã…Ğ"Œ&­]ÒÍw1ó5¨#4V§iò‘Å¾nÇÔö[Ô—ávãÇ8Äš…Ø)>Cá=L´B´ˆ“Àào~‹é½/ø¸3%ºw´‚·ÿFı4Ö“ÁÊ¿8™Ş>bWX@‡bÆÉb@¼ÙIzP9ĞI±vÁFfQÉL‹Ê!2c£EP(se4~¦5RhƒAÂ90‚‘_?‡ æcóMŸE¢§teV¹”OaOr
    İÓ÷B¦ª]ËpÈ±ÆØ“»±ñ“"EyïxˆÏ:ü­	ÇŠ)‹–Ìbl×‹hYâÀu…ÖÄT´™dâÔ«æÈíwš=Ø¢¥M€gw“VPè™OFÎ’â2¶æ5-TD—[ŠåZ2Ã>–]ıV,xÓ›IOŠ²Æ…)œJ”ñÍº[)?cn28pÿ#(çmkÇÒ+.Âè£/ phœÊ®×Q6?³wå7‘îÇHãIoÄSj)“ÅÉ1<±¤ÙÈ#í¬-œ£¨Næ9ûO1Í°ØÑéŞkÂIäòK´¬éÁÊ÷¿—r:¼Ç(Å—‹;rº“R&<9€ª3¦v¿@Áw(w:ø“Ğ~æ:T¦óÊFSŞ’ï•±"¦ö£ç¼ÕŠ’Tád®Ì¬T‚ã9ˆæıPIb“3•…˜JØzæóT’Q×„¥BÕP23´Æµï¢éW’­Î*|@^¤¬¡)Q³ŒüwåÃ?I¬éqŞû=ü,¼™Š<@Ğ B8)“;¢û¬50ù¼éHˆ-=ıTÁ	í”SAº@Œ”Œ@¹„f‚5Ş¨r”é[ƒÊT%#c|…õÃZ&Äw(B)tD¹•Q%Êvø™yCşš‘(â,ÆŸ|ï‰ÁƒŠÊ°¶ÆÉi‰‰¹ä&å—<#u:Íëª3E­HkÍzÕĞ´)nd¶ØF>1Vä2À²k®F¼½GYL	KáMQÀlR&TBşÚ,igv¿ˆòè8]C œ8S±f#Ä…4æQ¡ŠÚ¬Õ'?Ìç¢,ÈÊ=¥ËaVÕ9WEX³ö³Yr§rà‡ª*Ô!âcÍõÄÆ¯~­×)Ğú,=ÛøyÑŸ]ªj–lGeíšEÌº5´r_2ñÔ}d×"½a‰ª]Œ0ßM9·¦PˆZ¶…ÙİG17‡ÍÌnE"ÊR¢ˆÇrÛó\ñY‡Q‰)!|5U(d¬·=—^‰Å—¿o¼ãÇ8õ³×+Ğö¼õ2ÀNU“6jB[¡àëˆB5ÅèV.]šÅ²­Wãô/^¯”‘ä©¬Ğôßñ
    ´Š;Y"Vúi‘$±’¤2¶ŠœÕÙ²º_§ñµc‚‰Æ«(F^Eçùg“qö©{–C°ñŒ÷P¹‹/#K8ã–İôY+ QÈ
    İMğ1>ÜAÌìß®Íç¢ëÂÍ,gİy®t²Ş•n,˜˜z¾ŸÅE$‘VÀ÷Š.ñÉävßÌæÌâ.†PyLaèpóâÈÏîGç9TnÑÒ:uiàÀšçRZ!z‹I0?ĞÒá1<ÿ‰/`àû˜7ÈÓ$)XÆqøhØ¦všt¯¹Ã“,}‡˜ÓäjITòeuÓ°Ìù¢r0šë³h§%” ‰£ÿıKŒüîQ’Â˜3V£0<ˆ%W¿ëÄ&¢„V‚< ÎÄ5%ÔJ2”Sø™IE
    ÃJÒÊX;>u#­$¬6ªÉ±¯óGM™ÀhØF…d˜td|Û~dÏ\O9Ijç**záDØb)PBÌÒ½¦h•…-qøqîl‘%ë/€{ïGzÍ*d7ŸóŠ=QS]:‡ˆRº©QbÂUàMPá’¯‚†ò$%½æ¨ du]õˆXefïQzÈ$Ÿ«(¾¥'Ğ˜‘Z‹HŠ«#äÇAÜRÂX¬íDB	Ø~öÈÿ`‹×0.F|XŒXKì)æêé™w¬FoÊlzyÈhÔßš»ÕÜKz³Œ>±“‚.&nEjÍ„™U,2'•ƒ÷ &iwö¬óşè[’d­À[	™ÓV)ö*¦Q§a†v¦†›úl…êQÌDit[VŠIQ‰ÚhRÄ@½$)Éy~mÆ|ÒøäŠ>ºÖú?­cJ+V²H'6şË?ã7iÖ.ûX‹H8ÌFŞ¨)d†AYøUÂBjE»"—Š.ñ4w-?lÍÚÔ2ÃYœ™.Á•úÎRj¤W¬D¢«÷µö@BÜØ¬.ß†sşã[H-gA—S™F¨3ÿÚFıj™ÅÒ]úØ¢œ„ÊèBPë–¬…_—>M%bt—©?_rÕ¬	-h]·öµ·rœ_Å¾[nÂÈ¶‡˜›Q‘ªã¢+GÔ­_û\ÃŠ
    ±şZÙ¦fÜeÑÖĞÏótŒ(|ºU(‡Ü'.g	®VFÃENÇë9’½½üé}Ll»4ÎTÅ&ntoÂ¨Ó’ œX	ÉFßéˆ"º€…_‰ÕfYzÇF˜~y& Gu]$›§æO[Èöv#]ğº‰.è@$VA`â±§T°¢Ñ°õZ[2šº–µuİ+ˆ/mUÁCò‡_T½n‡y¤Ñ —|l\«³¹şÌMÌ"G[¼¸±ìëR$µd™Š|:—Ä›º“F½Ii„reÚ"Ùµ³át· Ê ä“ú,¼+ÛŒ­1ÜìZ1Ú1ÉÈÒuÑ‘dt*çK¨2éÜsŒd;	[êõ)²x¥²€W.¡¹z2jåTh#D®VŒß\NO
    &eó…_±v’U2Ÿ×İBè^µ¨%ã¶0FÛÓHöô²(/Ô˜I§2>‰’•Àë=œLñÅ]ºÑdvUUëpk"ìijBœ®$’,O-0y<}~®Ã*Tºö£5LÄùErE4İBß³XŠÆX‚N£:<†9š²¼>Eìd
    -ËV*‹ø®«»êu¥B…LÍİÒs»µN*Š*­á…JxåªRÈÍUÁôÄè¾–,ôÈìTÊ(ìÛƒ•ÈûËGuÔ ÿŸ@÷âÅ¯Yƒ{ëÚu|ùCïJF¯(OL°bœÔ±–Ñín‚Õ´iKhp‹ğÒ×·’F»tx8³#µ¸ª9Fs±FŸÚ‹è³û½®DT‘¨A”n1vğeF¯^M^kfĞÈ.Ä†İ V¨Ê“Ç°ı3ŸÄøãÏÀJÆËaãY@n&»ªjµ‚Llø:Š¤Mô¬‰cÓšğêÂ…Æà—<ÿNğÁ#Å
    Nä062KkYˆµ¤QÆ,yÎë9Ú6lBşp?r‡(ÚëX„eW_.KuJR'‚-^x¢"^‘j’n5RE0&¦`iÎP\¬”4^º'j-!õæ’*´¨`4†£ü]Ô-"ñâ>´vu×ËË?9—´w!–íÂÎ/~­ë×#ÚÚÉh…“í ›MªÄÛÈò”ƒÚ› °ó®Ì´nMA}m W,)(ìÃ®….µ¦N¬yÛ%$æÇà³*ËóŞş={P9Šîõ§¢cé
    D“zHî>ÿBlÿäu˜Ş¾K78˜x-Ö>V,¢ó‰'µJU»× \L¯¹]Èl¥é>W*ªr¡Ù-h«Xóªf~oI†“Z3fç±î>v‰öN´3
    u¯Z‡Tgg}÷Õö363:.g/-ÒH¸+"P‰ÎÏKÛ‰SZô4´„òZÕ_×ò¦<K*¹š­Şë7¢È*ì@g¥yK
    &™ø›¸AÒI)W‹³Úù4FìF[ßRt­Ş€ÌÂ¾×şƒŠƒîŞò&Ü}7'™®ÃÙ÷f«ª7h`İ0ÎÚş•p[‡(>GlXM¾c7¶é"§Ê;Ò¿
    ‹£òĞ(İ÷5f‚MÄğUC¯¶OF6Ü±ÎßCNf³t¹>$S1V†aéêëR·&œ4)æ¡ÊÈâÍéÙ—†a y]‘ä%íW	·AÍ*|g©XĞ{Q¤Ÿc>iTX1‚F‡‰ ®M`|à!Ó[$‚±¦PŠ4šªÊŠ¢Ğ$ı¶Ÿ#,d«ÉŒƒ(?KT¬JR¥Û¸SŒû%C7ôjûHšÖbæµƒj+ÊáN$©,³[.@Ë¹›ĞÑ¾ÿş_ ÈÏà?™.3ëÖúÄµÂH"U$âĞZ¶^ªñX0É2!KÚc©	²ù¥8Åqè.N«¬‰ˆMI6–N&3µŠ÷n8´¤eë¤ëöÁx¥oéÈW¦fP˜™Ä²ËŞB<pğ—¿R·ÿ±EAì®¤dÑ¨o$*ÎäÈm³)e9¥D©«5‚X[…·T$©LÎ :]†C<I·äPPÁ\:­q´HDI+Ì˜…Hg«š¿Pf~˜Ó®Õ4›W†İ™€İ’Ò{¤M(§Æú‘¿s?ø² D^(õû<Ed«Rfq7¶~÷6´²Š>$n#m›±C±ëÖ[P~ˆYØtè*dÏ?§\÷q´®^WÇÁôıØùõ›XsìÄ!ÓEæü-øø­·2#—°ûË_Æàmw£å¼õ8û;·2!váàwà…ü:™D²¾”á›Uôn½Ëßó$)GàiG–nÎ3_ÿÆoş¼ñ	EÕZE3Øk½-™™–îEHv.œOÃ»zĞEŠòø>€™ç"Ö›Á¦Ï}í§l÷\¼³‰/-À·nÅØ±QôÄãH¦ÛÔ½aâb*â#K×‹¶eIÊÆ³d#G¨et\¸§æóêş	,:•‚MëÛÃœÇIC³}òmúÙ½ƒO?¶e«°bË%¤øËÙ°SÛö²tíB|Aznôéßazÿ*µÏFlQ/¬Kàƒøu¿uı*1’wËDÖvÖ¿E„×ÛÖ¯SJTK¸ı;(¼4 k–Æ£;v2P9º—`Ìk‰Œ©ê»{ï¿?~ß_ã‰[¾Ùh¬Ê¢^9×Ñ„Ç¡;„m|îğİ]oÒ9<#Òjz…\“èwÄD½,8éVĞ]ä]©%K9e­êræ‡‡0ñônº¶©Û^FcIÂ>é`¡U–¾ùb¼í+²kÖ…O1|NO©šæ]‘t+,Èl©_³Ë®6«	Ä’D½¼b§rzß^•pe7^ßåï¨ß[ñŞaûŸÃ¾oÜÎç¢º jNˆÆ+x×Òs·¨áNÓC÷ß…ÉÇwĞÌÎ¼ç7|üz¬şà‡a2õ,•¤ô
    omîµrb©ÆZˆ‰~¥›,pN>¶;?÷Y,İzÚï²™¡[uâ—¿ãjüîÌ¾ªq4aÄ<qÛIø’ªZcû¿ƒ§>ıôúqîæ±Ú¶Nu6Z£‰»id‡÷êàîè@âÜõh!•åçâÁ!µF9òğ#˜Üş,#UŒØr±áºOaÑ—0=DÃ¥„ ,,›,b¡±E·#ÏÿôÇÈ®Xƒ¾3ÎÂª‹ÿ÷Şê¶=ÌaÖ<Ó=ÿ&_~	ÙµëÑ½acj˜Áñ«’†ÂLsÎXuéX¾åB
    è(wzò£EÀ»ék_QIÙ*4'Ñ£«SÙl£–Êç{’.,¬pÛµÒĞ2ë¡`jpÜğ¨Ìå^Ø‡‹núZÎX¡öPÉò—Åº^]wŞ‰Ÿ]ûaìÿÅÏÃQ-µàoIÆ5íº’O“3a–]¨
    _¬wb	Å­L¬]êº$ÁÖ§"½|sÔ©È¬=İVˆÑïŞLIUªbYY‘æ®­Í¢I¢$˜Òt¿½ùf$2í|r;ÿ~'îúèG°òôˆSøXk©á‡¦ğÔ­ßF4Áô—‘b‘4úìxúßo[,¢04F•Àì¡~<}Û­ª ßÃRš%mybš×¾Å\mlO—‚.4}t”E\€½7}M)¯êtÕ‰ô1şì3˜x”îF÷
    [¾-»2Æ6ãºtïä¢„İ&ü¨èEÑ"9Œ€;ÂÙœ±rq	âe)ÍßK!Ç:bŠæwY¡	}¥g;J×¨”Õ)5D$!KÉ¤9®Êß«-Kñ˜Ú$ë$¢ì	»óè±h–l™…ŞDÚØÖUFF
    ª¡J{s2®R‰Ë6rC÷Õ&ğ¼&æ0;ûá@>›ç]›/¤Z’3±E,k;(2^‹®å0ÚÔ9<µjCE“õíSõ{Ğ}àéŒ6NF´â)ü6/”ª}.‚KZâ%Ùğ|Ÿ×ïSĞğš6W6ïëm R=Ò*	íğ¿'MO‡R…Û8P«Áë«5~ÓçF£¡ş]w„0êXhq©H°…u89c´Ä¤«
    øğúÇjQkª¿P±Pß
    üÊ‡,Éáø?'ş?àäËÕRƒI!ÿ4#ßm¼÷³Ú£ÿ'À ¾˜œ-ë³    IEND®B`‚' with headers {'Accept'=>'*/*', 'Accept-Encoding'=>'', 'Authorization'=>'AWS AKIAIPWG2V7NAID5EWAA:EU9VkgeQEjwC93I20mRP+RWW19E=', 'Content-Length'=>'6646', 'Content-Type'=>'image/png', 'Date'=>'Thu, 29 Oct 2015 14:48:27 GMT', 'User-Agent'=>'aws-sdk-ruby/1.55.0 ruby/1.9.3 x86_64-linux', 'X-Amz-Acl'=>'public-read'}
    
    You can stub this request with the following snippet:
    
    stub_request(:put, "https://test-rigse-image-upload.s3.amazonaws.com/attachments/34/original/rails.png").
      with(:body => "\x89PNG\r\n\x1A\n\x00\x00\x00\rIHDR\x00\x00\x002\x00\x00\x00@\b\x06\x00\x00\x00X\xD5${\x00\x00\x00\x19tEXtSoftware\x00Adobe ImageReadyq\xC9e<\x00\x00\x19\x98IDATx\xDA\xAC[\t\x94\\e\x95\xFE\xDER\xAF\xD6\xAE\xAE^\xAA;Iwg\xDF\xC3\x12\x82a\xD7\xC8\x19@`\x14\xC4\xF1\xC8\xC9\x01\xC7\xED\xE8\xA8g\xC6\xE3\x9C\x01GgDgt\xDCqD\x18FqF\xF1\xA0\xA2\a\x06D\xC4qF\x11\x10\x81\xC8\x1A\x92\x90\x8D@\xD2\xE9N\xBA\xD3\xFBRU]\xCB\xAB\xF7\xDE|\xF7\xFF_-\x9D\x04Q\x98\xC7y\xE9\xAA\xF7^\xFD\xEF\xDE\xFF\xDE\xEF\xDE\xEF\xDE\xFF\xC7\xB8.\xDD\x8B\xF00\x82\x00W\x06\xC0_\x19\x066\e\x80\xCDk\x01\x9A\x0E\xF9b\xF0f\x10\xCC\xBB\xDC\xB8\xF9\x87\x0E\xA36\xC0\xAB<\x174\r\xC6w5\xFF\xE6\x15~*r\x8E\xDB\xE1\x97\x16?\xC0\xBF9\x96\xF1\xEE\xF6\x88m\xB4\xD8&\"\xA6\x16\xD8\xE3M\xDF\xF7\xF97@vm'\xDA\x16\xB7 \x90{\xBC\x06_\xBFS)V\xFB\xAC\xFFi\\\x93\xC3W\x17\xF4G?\xA8\xCB\x19\xB8\x1C\xD5\xABj\x11M\x8B\x17d\xDC@\tlDLX\xE9\xB8\xBAW-T\xE0\xCDU\xE1\x15+@\xDEEP\xE0o\\\x1F&\a*R\x8E\x9D\xB9\xA2\xA7\x14\xE1\xFBnn\x89\x98\x7F\xB9,\xE1 f\x9A\xF0D\x81\xC0WrX|\xB8\xCA3\x9EM\xA3=\xDB\x06\xA7\\\x82\xDD\x16\x83\x9D\x8A\xAB\xF7\a\x1EE\xE7\xB3J\x88\xBAB\x81\x96[d\xF6\xB56A\xA8\xA8\xBA'\x9F=\x0F\x91t\e\xACx\x02^\xA9\x84\xCA\xD4$\xC7\xF2a86\xCC\x88\xA5\x15\xAE\xF2{,\n\xCF\xB1P\xB5\xA9\x8CepN\xF8\x9E*_\xECW\xA9\x88_3\xA2o\xF3\x9F\xB7;\x86\xF1\xDE\xA5\xF1(\x950\xE0\xF2E\xBE:\xA1\xAC\xE0\xF1\x83\xCF\xD9i\xEF\xCB\xD2\x126\xAAe\xCE\xCCX\x01n\xA1\x8ChG\x12f\"\x06\x83\xC2\xFA\x14L|S+\x11(+\x04.g\xD0\xA4\xBE\x96\xADg=\xA8Y\x87c\x97\xCAh=m#V_\xFB\xB7\x14\xAC\x8A#\xFF\xFB\x13\x1C}\xE8\x1E\x18\xF1\x18\x82\x12\xC7\xAA\xF2\xDD\x15\xCE|\xB1\x8C\xC0\xE2tR\t\xF1\x04\x9F\xDE\x12D8V\xD9\x10\x01\xD5\x84\x89\x05M~x\x7F\eg!ni%D\by\x9F(\xA1\x94\xA1\x90\x89\xEE\f\xE2\xE9\x14\x85\xF5\x95\xDBB\x06,{(\x8F\xE4\xE0N\xCE\xC1\xB4\xE3p\xD2\x1D\x88$3\xB0\xE3i\xD8\xB1$\xECh\x14\x9D\x9B.@\xDFe[a'\xE3\x9Ce\xBAJ\xD4\x82\x15\xB3y\x9A\xBC\x16\xC5\xEC\x8B\xCF\xA04>\x8CH*\x83\xF6M\xE7\xC2\xE9HQ(Jg\et-\x83\xD6\xA2\xBBQI\x8D\r^\xB7\x82\xF0\x9E\xA9d\xD0\xC2\x84@\xE1\xE7s\xD3\xD4\xD2\x0F-\xA1'-\xB4\n51\x13\x11\xA4{\xB3'\x00\xD20\xF5 \xD5\xD9\x02|\xCEn4\xDB\x89h{V\xBD@\xDC\xA9\xE7\xE2w\"\xBB\xE9B\xBE\xCBT\x8A\r=r\x9FzqP\xADpB\xE8\x16\x91\b\x15H\xE3\xC8\x83?\xA2\xC5\x88\x83\xE2\f]-\xC3q\xF3pgsP\x1Ei\x8AS\xD3\xAA\xAE\x85\xF6\x8Dg`j\xD7n\xB8\xF9)\x98\x0E\x15\x89\x9A\xCA\xF5\x1A\x8A\x00\x11\x01\xB6\x0Fm\r\xE5\xBE\xA1B2L\x86.\x15\xA5\xFBx!\xB8j\xA6\xD4\xFA\x18J\xA1\xC0\xF7P\x1A\x19! K\x88/\\\xA4\x04\n\xCA\xAERB\x8E\x8E\x8D[0\xB5\xE79Tr\xD3\x88u. \xDE\x16\xA2u\xE5\xA9H\xF6\xAE$\xB4\f\x85\x17\xC1\x99DDQ\xD2+\xE4\x90\e:\x88\xDC\xC1\xDD\x98\xD9\xBB\v3/\xBE\x8C\x05\xE7n\xC1\xF2\xAB\xDE\x8D\x9D\xFF\xFA%\xE4\xF6\xF5Sj\x8Em\x892\x8D\xD0\xE5\a!&D\x19/\xFC[\xA5\eE\xDA\x13Hw\xB7\x13W\xFE\t\x16\x91\xDF\x18A-RR!\x0E\xEA\x95\xE6P\x18\x18\xA0e\x8A\x18u\x1F\x84\x95H\xC1im\xC7\xE8\x93\x0F\"\xB5t\x1D\xDA6lF\xB2g\xB9\xB2\xD0\xAB\x1D-\xCBO\x05.\xB8\x12\xE5\x991\x8C?\xF7\x04\xC6\x9E\xFA\x1D\xD2ksX~\xF5V\xEC\xFA\xEA\x8DtmZJ\xF0R1\xEA\x8A\xD41\xE8\xE9\b\xA6\x01N\xF7\xCC\xF4u\xC1&\xD0<\xCF\x7F\xF5\x04\xA0\xE2\xBD\xA9,T\x99\x9Ab\xC8,`\xF0\xE7w\xA2\xF3\xCC\v\xB0\xF0\x8DWP\x81\xA5x-G\xB45\x8B\x9E\v\xAF\xE4\x18\x97\xE3\xE8\xC3\x0F`\xF8\xB1\a\x95\xD5\xB4/5pb\xEA\xF0\e\xD4\xC1\xAD\xACA\a\x8D\x13\xE0\xA9\xF6t\xA8\xC4I\x12V\x18J\xE7_\xAB]\xA7\x9B0/\xB4\x9D\xB2\x89\xBE\xBD\x89\x16\x9DDi\xF2H=\x14\xBF\x96\xC3\xB4#\xE8\xBB\xF8*\x9C\xF677\xA0\xE7-\x173\x82\xD1\xF1\t\xFE\x1AVu\x1EQ\xD80\xEA.\x85\xA8\xCDp\xDB\xDD\x94\x8E\x8F\xD3%\xD0y\xC0w\t\xDA \xC2h\x14\xD1\x99W\xF0\xE2\xB90\xE3),\xBA\xF42$\x97\xF4b\xFA\xE06&\xB2\xBC\x12\xC4I/@b\xE1j$\xB2\xCB\b\xF6\xF8I\x05\xAE\x96\x8B(\x8E\x1Cfx'\xA8\r\xE6\x90J\x85n\xCB\xC9O\xB5\"\xB1`\xA9\xC2\xD8\x19\x9F\xF8<-\xBC\x18/\xDF\xFA\x9FL\x8E\xAE\x12\xD1\xAE%^\xCF\b\x14\xC8\xAB\x9C\xCD\xB6\xDEn\xC4\x182\xBD\xAAw\xD2\x97\xF9\xE52\x12}}X\xFC\xF6\xAD\x18\xFA\xD5\xBD\xC8\x0F\xBCL\x80'Q\x9E\x9D\xA3\xD9-,\xBF\xFCm\x88/\xEA\xA4\x8B\x8D\xC24#0\x93\xAD\xB4\x8A\x8B\xF2\xF4Q\x94&\x060\x9B\xC80\xA4\xAF\xE0\xB9\x12NK\x97r\x0F\xAF<\x87\xE9\xFD\xCFb\xF6\xF0^\x14\x8F\x1D\xA2kN#\x12_\x00wz\x06U7\x8Fhg'C{\n-\xBDk\x90=\xE7\"\xACy\xF7\x87Q\"\x1E\xF7\xDE~\x8F\x9Aj\xEB\xBCh\xFA\xEF[#V\\\\\xCD\x15\x80\x93\x16t\xAF\xEA\xD3\xAE\x17\xCC'K\x843\xCCJQ\x85\xCE5\x1F\xB9\x9E\xBE{\x05\xDAO\xDB\x84\xC2\xB1~\x8C\xFD\xFEE\xE4\x06\vX\xF6\xAE+\xD1u\xD6\eT\xC23\x88/\xC1\x8Dd}j\xA4\xAC\"\xC9Q\x84.M\x0E\xA08\xF6\x12\xDC\xE2\x14\xE6\x8E\r#wh/\xEF\xDB\x8Cfg0\x14\xE7T\xE0p\x92\x9D\xFC9-\x1E\x8Fc\xC9\x15\xEF\x83C\xAB\xEC\xFB\xDE\x8D8\xF6\xD8\xA3\xCA\x8B&\x9F{\x0E\xB3\x83\xC3\x18\xCA\x95K6\xC2\xE4'f\xF1i\x95\xCC\xE2.D\x98 O\xB0F\xA8X\x95\x14\xA5\xF7\x92+\xB0\xE0\xBCKP\x9A\x1E\"\x850\xD0u\xFEE8p\xC7\xAF\xB1\xEA=W\xA1\xF7\xD2\x8B\xE0\xE5s\xA4Nt7_\x02\xB6\xA9\xC2t\x10\x98\xEA\xBB\x04q;* e\x06\x0F\xAA\xD8\xF5\xED\xDB0\xFC\xC8\x1Ed\xD6.\xC6\xEAk\xB6\xA2\xF3\x8C\v\xE9\x8A\xD3\xA8L\x8E\xA8I\xB0\xA2q\x04\xC5*\x0E\xFF\xF4{t\xB7\tZ%\x82\xB9\xE1~\xEC\xFE\xE6\x8D\x90\x14c\xC6\x1D%\x9A\xB2H\xCA6\xE2>sA,\x9BA\xD7\xB2\x85\xDA\xD7\xE6)\xA1\xA3\x83a\x10I\xE4E\xB9\x03C(\xD2ERK{8\x82\x81\xE7\xFF\xE9\xAB\xC8\xAC[\x8E\xB5\x1Fy?iI5$\xAC\x86\x0E%\xEA\xB7f\xF8{}\x8Au\xAC\xA8\x83\x97\xEE\xFA\r\xFA\xEF\xDEF\x81\f\xE4\xFB\xC71\xB6\xE3\x19\xCC\x1C~\x0E\xE3;v1l'\x11\x89\xA6\x98@\xE5\xE7\xA4F\x85\x19\xE6\xA1\x19\x06\x8C\n'IF'm\xF1\x18!K\xA47\xE3\x85\xD0\"\x8C&\x16\xAD\x90]\xD2\xCDw\v1\xF35\x05\xA8#\x904\x81\x02V\xA7i\xF2\x91\x12\a\x9D\xC5\xBE\x17n\xC7\xD4\xF6\x17\x10[\xD4\x05\x97\xE1v\xE3\r\x7F\xC7\x178\xC4\x9A\a\x9D\a\x85\xD8)>C\xE1=\x15L\xB4B\xB4\x88\x93\xC0\xE0o~\x8B\xE9\xBD/\x13\xF8\x19\xB83%\xBA\x8F\rw\xB4\x82\x03\xB7\xFFF\xFD4\xD6\x93\xC1\xCA\xBF8\e\x99\xDE>bWX@\x87b\xC6\x01\xC9b@\xBC\xD9IzP9\xD0I\xB1\x06v\xC1FfQ\x16\xC9L\x8B\xCA!2c\x06\xA3EP(\x01se\x124~\xA65\x02Rh\x83A\xC2\x8E9\x1C0\x82\x91_?\x87 \xE6c\xF3M\x9FE\xA2\xA7\x8FteV\xB9\x94Oa\x03Or\n\xDD\xD3\xF7B\xA6\xAA]\xCBp\xC8\xB1\x0E\x1F\xC6\xD8\x93\xBB\xB1\xF1\x93\x1F\"Ey\x1C\a\xEFx\x88\xCF:\xFC\xAD\t\xC7\x8A)\x8B\x96\x8E\xCCbl\xD7\x8BhY\xE2\xC0u\x85\xD6\xC4T\x02\xB4\x99d\x03\xE2\xD4\xAB\xE6\xC8\xED\x04w\x9A=\xD8\xA2\xA5M\x80g\x17w\x93VP\xE8\x99\x02OF\x1F\xCE\x92\xE22\xB6\xE65\x81-TD\x97[\x8A\xE5Z2\xC3>\x96]\xFDV,x\xD3\x9BIO\x8A\x04\xB2\xC6\x85)\x9CJ\x94\xF1\xCD\xBA[)?cn\x1128p\xFF#(\x8F\xE7\x10mk\xC7\xD2+.\xC2\xE8\xA3/\xA0ph\x9C\x1C\xCA\xAE\xD7Q6\x81?\xB3w\x1C\xE57\x91\xEE\xC7H\xE3Io\xC4S\x04j\x06)\x93\xC5\xC91<\xB1\xA4\xD9\xC8#\xED\xAC-\x9C\xA3\x13\xA8N\xE69\xFB\x1E\x14O1\xCD\xB0\xD8\xD1\xE9\xDE\x90k\xC2I\xE4\x12\x15\xF2K\x15\xB4\xAC\xE9\xC1\xCA\xF7\xBF\x97r:\xBC\xC7(\xC5\x97\x8B;\x19\x02r\xBA\x93R&<9\x80\xAA3\xA6v\xBF@\xC1w(w:\xF8\x93\a\xD0~\xE6:T\xA6\xF3\xCA\x1AFS\xDE\x92\xEF\x95\xB1\"\xA6\xF6\r\xA3\xE7\xBC\xD5\x8A\x92T\x03\xE1d\xAE\xCC\x1F\xACT\x82\xE39\x88\xE6\xFDP\x11Ib\x93\x05\x043\x95\x90\x85\x98J\xD8z\xE6\xF3T\x92Q\xD7\x84\xA5B\xD5P23\xB4\xC6\xB5\xEF\xA2\xE9W\x92\xAD\xCE*|@^\xA4\xAC\xA1)\x8DQ\xB3\x8C\xFC\x15w\xE5\x18\xC3\x0F?I\xAC\x15\xE9\x9Eq\f\xDE\xFB\x18\x8E=\xFC,\xBC\x99\x8A\x12<@\xD0 B\x12\x138)\x93;\x8E\xA2\xFB\xAC50\xF9\xBC\xE9\x15H\x88-=\xFD\x12T\x19\xC1\x02\t\xED\x94SA\xBA@\x8C\x94\x8C@\xB9\x84f\x825\xDE\x11\xA8r\x94\xE9[\x83\xCAT%#c|\x85\xF5\xC3Z&\xC4w(B)tD\xB9\x95\x15Q\x7F%\xCA\x18v\xF8\x99yC\xFE\x9A\x91(\x13\xE2,\xC6\x9F|\x01\x16\xEF\x89\xC1\x83\x8A\x8F\xCA\xB0\xB6\xC6\xC9i\x89\x89\xB9\x81\x19\xE4\x06&\x14\xE5\x97<#u\x8D:\x1D\xCD\xEB\xAA3E\xADH\x8Dk\xCDz\xD5\xD0\xB4\x8D)\x11nd\xB6\x10\xD8F\x15>1\x10V\xE4\x142\xC0\xB2k\xAEF\xBC\xBDGYL\tK\xE1MQ\xC0lR&TB\xFE\xDA,igv\xBF\x88\xF2\xE88]C\x15\x00\x9C8S\xB1f#\xC4\x85\x114\xE6Q\xA1\x8A\xDA\x06\xAC\xD5'\x9E?\xCC\xE7\xA2,\xC8\x12\xCA=\r\xA5\b\xCBaV\x90\xD59WEX\xB3\xF6\xB3Yr\xA7r\xE0\x87\xAA\x04*\xD4!\xE2c\xCD\xF5\x1F\xC4\xC6\xAF~\x1E\xAD\e\xD7)\xD0\xFA,=\xDB\xF8y\xD1\x9F]\xAA\x1A\aj\x96lGe\xED\x9AE\xCC\xBA5\xB4\x12r_2\xF1\xD4\x8E}d\x04\xD7\"\xBDa\x89\xAA]\x8C0\xDF\x18M9\xB7\xA6P\x8D\x88Z\xB6\x85\xD9\xDDG17\x9E\x87\xCD\xCCnE\"\xCAR\xA2\x88\xC7r\xDB\b\xF3\\\x18\xF1Y\x87Q\x89)!|5U(d\xAC\xB7\x13=\x97^\x89\xC5\x97\xBF\x13o\xBC\xE3\xC78\xF5\xB3\xD7+\xD0\xF6\xBC\xF52\x12\xC0NU\x93\b6jB[\xA1\xE0\x10\xEB\x88B5\xC5\xE8V.\x01]\x9A\x1E\xC5\xB2\xADW\xE3\xF4/^\xAF\x94\x91\xE4\xA9\xAC\xD0\xF4\xDF\xF1\n\x19\xB4\x8A;Y\"V\xFAi\x91$\xB1\x92\xA42\xB6\x8A\x9C\xD5\xD9\xB2\xBA_\xA7\xF1\xB5c\x82\x89\xC6\x15\xAB(F^E\xE7\xF9g\x93q\xF6\xA9{\x96C\xB0\xF1\x8C\xF7P\xB9\x8B/\v#K8\xE3\x96\xDD\xF4Y+\x00Q\xC8\n\xDDM\xF01>\x81\xDC\x9EA\xCC\xEC\xDF\x8F\xAE\xCD\xE7\xA2\xEB\xC2\xCD,g\xDDy\xAEt\xB2\xDE\x95n,\x98\x98z\xBE\x9F\x14\xC5E$\x91V\xC0\xF7\x8A.\xF1\xC9\xE4\ev\xDF\xCC\xE6\x1F\xCC\x11\x13\x13\xE2.\x86\x8EP\x16yLa\xE8p\x8D\xF3\xE2\xC8\xCF\xEEG\xE79Tn\xD1\xD2:ui\xE0\xC0\x9A\xE7RZ!\rz\x8BI0?\xD0\x8F\xD2\xE11<\xFF\x89/`\xE0\x81\xFB\x987\xC8\xD3$)X\xC6q\xF8h\xD8\xA6v\x9At\xAF\xB9\xC3\x93,}\x87\x98\x04\xD3\xE4jIT\xF2eu\xD3\xB0\xCC\xF9\x15\xA2r0\x9A\xEB\x18\xB3h\xA7%\x94 \x89\xA3\xFF\xFDK\x8C\xFC\xEEQ\x92\xC2\v\x983V\xA30<\x88%W\xBF\xEB\xC4&\xA2\x84V\x82< \xCE\xC45%\xD4J2\x94S\xF8\x99IE\n\x03\xC3J\xD2\xCAX\x1E;>u#\xAD$\xAC6\xAA\xC9\xB1\xAF\xF3GM\x99\xC0h\xD8F\x85d\x11\x98td|\xDB~d\xCF\\O9Ij\xE7**z\x19\xE1D\xD8\x8Db)PB\xCC\xD2\xBD\xA6h\x95\x85-q\xF8\fq\xEEl\x91%\xEB/\x80{\xEFGz\xCD*d7\x9F\xF3\x8A=Q\x8D\x0FS\x15]:\x87\x88R\xBA\xA9Qb\xC2U\xE0MP\xE1\x92\xAF\x82\x86\x19\xF2$%\xBD\x19\xE6\xA8 d\x0Eu]\f\xF5\x88Xef\xEFQz\xC8$\x9F\xAB(\xBE\xA5'\xD0\x98\x8F\x91Z\x8BH\x8A\xAB#\xE4\xC7A\xDCR\xC2X\xAC\x16\xEDDB\t\xD8~\xF6\e\x14\xC8\xFF`\x8B\xD70\e.F|X\x8CX\x81K\xEC)\xE6\xEA\xE9\x99w\xACFo\xCAlzy\xC8h\xD4\xDF\x9A\xBB\xD5\xDCKz\a\xB3\x15\x8C>\xB1\x93\x14\x7F\x82.\e&n\x13\rEj\xCD\a\x84\x99U,2'\x95\x83\x15\x16\xF7\f\x00&iw\xF6\xAC\xF3\xFE\xE8\x1A[\x92d\xAD\x90\x12\xC0[\t\a\x99\xD3V)\xF6*\x15\xA6Q\xA7a\x86v\x8F\xA6\x86\x9B\xFAl\x19\r\x85\xEAQ\xCCDit\x04\x9E[V\x8AI\x9EQ\x89\xDAhR\xC4@\xBD\x0F\x8D$)\xC9\x1Cy~m\xC6|\xD2\xF8\xE4\x8A>\xBA\xD6\xFA?\xADc\x10J+V\xB2H'6\xFE\xCB?\xE3\r7\x7F\ri\xD6.\b\xFBX\b\x8BH\x158\xCCF\a\xDE\xA8)d\x86AY\xF8U\xC2BjE\xBB\"\x97\x8A.\xF14\x8Fw-?l\xCD\xDA\xD42\xC3Y\x9C\x99.\xC1\x95\xFA\xCER\x9Dj\xA4W\xACD\xA2\xAB\xF7\xB5\xF6@B\xDC\xD8\xAC.\xDF\x86s\xFE\xE3[H-g\x9DA\x97S\x02\x99F\xA83\xFF\xDAF\xFD\x1Aj\x99\xC5\xD2]\xFA\xD8\xA2\x14\x9C\x8E\x84\xCA\xE8BP\xEB\x96\xAC\x85_\x01\x97\x11\x02>M%bt\v\x97\xA9?_r\xD5\xAC\t-h]\xB7\xF6\xB5\xB7r\x9C\x18_\x18\xC5\xBE[n\xC2\xC8\xB6\x87\x98\x9B\x16Q\x91\x15\xAA\xE3\xA2+G\xD4\xAD_\xFB\\\xC3\x8A\n\xB1\x81\xFE\x9EZ\xD9\xA6f\xDCe\x0E\xD1\xD6\xD0\xCF\x06\xF3\et\x8C(|\xBAU(\x87\xDC'.g\t\xAEVF\x19\xC3\x16EN\xC7\xEB9\x92\xBD\xBD\x18\xFC\xE9}Ll\xBB\x184\xCET\x14\xC5&nto\xC2\xA8\xD3\x92 \x9CX\t\xC9F\b\x0E\xDF\r\x10\xE9\x88\"\xBA\x80\x85_\x89\xD5fYz\xC7F\x1D\x1F\x98\x17~y&\b G\x16u\x18]$\x9B\x16\xA7\xE6\x90O[\xC8\xF6v#\x9E]\xF0\xBA\x14\x89.\xE8@$\x9DVA`\xE2\xB1\xA7T\x10\xB0\xA2\xD1\xB0\xF5Z[\x1C2\x9A\xBA\x96\xB5u\x16\xDD+\x88/mU\xC1C\xF2\x87_\rT\xBDn\x87y\xA4\xD1\xA0\v\x7F\x97\x16|l\\\r\xAB\xB3\r\xB9\xFE\x01\xCCM\xCC\"G\x17[\xBC\xB8\x0F\xB1\x8E\xEC\xEBR$\xB5d\x99\x8A|:\x97\xC4\x9B\xBA\x93F\xBDIi\x84\x1Dre\x8D\xDA\"\x17\xD9\xB5\x19\xB3\xE1t\xB7\xA0\xCA\x00\xE4\x93\xFA\a,\x1D\xBC\x12+\xDB\x8C\xAD1\xDC\xECZ1\xDA1\xC9\xC8\xD2u\xD1\e\x91dt*\xE7K\xA82\xE9\f\xDCs\x17\x8Cd;\t[\xEA\xF5)\xB2x\xA5\xB2\x80W.\xA1\xB9z2j\xE5Th\x05#D\xAEV\x8C\xDF\\\x1FNO\n&e\xF3\x85_\xB1v\x92U2\x9F\xD7\xDDB\xE8^\xB5\xA8%\xE3\xB60\x0EF\xDB\xD3H\xF6\xF4\xB2\x06(\x12/\xD4\x98I\xA72>\x89\x92\x95\xC0\xEB=\x9CL\x06\xF1\xC5]\xBA\x19\xD1\x04d\x1Dv\rUU\xEBpk\"\xEC\x18ijB\x19\x9C\xAE$\x15\x92\x15,O-0y<}~\xAE\x10\xC3*T\e\xBA\xF6\xA35L\xC4\xF9ErE4\xDDB\xDF\xB3X\x8A\xC6X\x82N\xA3:<\x869\x9A\xB2\x1A\xBC>E\xECd\n-\xCBV*\x8B\xF8\x15\x9E\xAE\xAB\xBB\xEAu\xA5B\x85L\xCD\xDD\x10\xD2s\xBB\x8D\xB5N*\x8A*\xAD\xE1\x85Jx\xE5\xAAR\xC8\xCDU\x18\xC1\xF4\xC4\xE8\xBE\x96,\xF4\xC8\xECT\xCA(\xEC\xDB\r\x83\x95\x18\xC8\xFB\xCBG\au\xD4 \xFF\x9F\x18\x1C@\xF7\xE2\xC5\xAFY\x11\x83\x05{\xEB\xDAu|\xF9\x04C\xEFJF\xAF\x9D(OL\xB0b\x9C\xD4\x19\xB1\x96\xD1\x02\xEDn\x82\x11\xD5\xB4iKhp\x8B\xF0\xD2\xD7\x12\xB7\x92F\xBBtx8\x0F\xB3#\x15\xB5\xB8\xAA\x149Fs\x17\x19\xB1F\x9F\xDA\x8B\xE8\xB3\xFB\x18\xBD\b\xAEDT\x91\x9D\xA8\x13A\x94n1v\xF0eF\xAF^M\v^k\bf\xD0\xC8\x0F.\xC4\x86\x8F\xDD\xA0V\xA8\xCA\x93\xC7\xB0\xFD3\x9F\xC4\xF8\xE3\xCF\xC0J\xC6\e\xCB\x14a\xE3Y@n&\x1D\x02\xBB\xAAj\x0F\xB5\x82Ll\xF8\x04:\x8A\xA4M\xF4\xAC\x89c\xD3\x9A\xF0\xEA\xC2\x85\xC6\xE0\x97<\xFFN\xF0\xC1#\xC5\n\x8EN\xE4062KkY\x88\xB5\xA4Q\x18\x1D\xC6,y\xCE\xEB9\xDA6lB\xFEp?r\x87\x0F(\xDA\x12\xEBX\x84eW_\x13.K\x04uJR'\x82-\x8E^x\xA2\"^\x9E\x91j\x92n5RE0&\xA6`i\xCEP\\\xAC\x94\x1A4^\xBA'j-\x1D!\xF5\xE6\x9D\x92*\xB4\xA8`4\x86\xA3\xFC]\xD4-\"\xF1\xE2>\xB4vu\xD7\xCB\xCB?9\x97\xB4w!\x96\xED\xC2\xCE/~\x1A\xAD\xEB\xD7#\xDA\xDA\xC9h\x18\x85\x93\xED\xA0\x9BM\xAA\xC4\xDB\xC8\xF2\x94\x83\f\xDA\x9B \xB0\xF3\xAE\xCC\xB4nM\x05A}m W,)\x1E(\xEC\xC3\xAE\x85.\xB5\xA6N\r\xACy\xDB%$\xE6\xC7\xE0\xB3*\xCB\xF3\xDE\xFE={P\x1D9\x8A\xEE\xF5\xA7\xA2c\xE9\nD\x93\x7FzH\xEE>\xFFBl\xFF\xE4u\x98\xDE\xBEK78\x98x-\xD6>V,\xA2\xF3\x89'\xB5JU\xBB\x8F\x10\xD7 \\L\xAF\xB9]\xC8l\xA5\xE9>W*\xAA\x1D\x1Ar\xA1\x9E\xD9-h\xABX\xF3\xAAf~oI\x86\f\x93Z3f\xE7\x8E\xB1\xEE>v\x14\x89\xF6N\xB43\nu\xAFZ\x87Tgg}\x05\xF7\xD5\x8E\xF6363:.g\r/-\xD2H\xB8+\"P\x89\xCE\xCFK\xDB\x89SZ\xF44\x81\xB4\x84\xF2Z\x8D\xD5\x01_\xD7\e\xF2\xA6<K\x81*\xB9\x9A\xAD\xDE\xEB7\x12\xA2\xC8*\r\xEC@g\xA5yK\n&\x13\x99\xF8\x9B\xB8A\xD2I)\vW\x8B\xB3\x18\xDA\xF94F\x0F\xECF[\xDFRt\xAD\xDE\x80\xCC\xC2\x1E\xBE\xD7\xFE\x83\x8A\b\x83\xEE\xDE\xF2&\f\xDC}7'\x99\xAE\xC3\xD9\xF7f\xAB\xAA\x7F\x057h`\xDD0\x1A\x9D\xCE\xDA\xFE\x95p[\x87(>GlXM\xBEc7\xB6\x06\xE9\"\xA7\xCA\x1F;\xD2\xBF\n\x8B\xA3\xF2\xD0(\x8E\xDD\xF7\x135f\x82\x05M\xC4\xF0UC\xAF\xB6OF6\xDC\f\xB1\xCE\xDFC\x7FNf\xB3t\xB9>$S1V\x86a\xE9\xEA\xEBR\xB7&\x9C4)\xE6\x8E\f\xA1\xCA\xC8\xE2\x8D\xCD\xE9\xD9\x97\x86\x9Da\xA0y\x0E\x15]\x91\xE4%\xEDW\t\xB7A\xCD\x1A\x06*|g\xA9X\xD0{Q\xA4\x9F\x06c>iTX1\x82F\x87\x89\xA0\xAE\fM`|\xE0!\x15\xD3[$\x82\xB1\xA6P\x8A4\x9A\xAA\xCA\x8A\xA2\xD0$\xFD\xB6\x9F\x7F#,\x8F\x13d\xAB\xC9\x8C\x83(?KT\xACJR\xA5\xDB\xB8S\x8C\xFB%C7\xF4j\xFBH\x9A\xD6b\xE6\xB5\x83j+\xCA\xE1N$\xA9,\xB3[.@\xCB\xB9\x9B\xD0\xD1\x7F\x10\x06\x81\xBE\xFF\xFE_ \xC8\xCF\xE0\x04?\x90\x99.3\xEB\xD6\xFA\xC4\xB5\xC2H\"U$\xE2\xD0Z\xB6^\xAA\v\x15\xF1X0\xC92\x1D!K\xDAc\xA9\x1D\t\xB2\xF9\xA58\xC5q\xE8.N\xAB\xAC\x89\x18\x88MI6\x96N&3\xB5\x8A\xF7n8\xB4\xA4e\xEB\xA4\xEB\xF6\x01\xC1\x1Ex\x8D\xA5o\xE9\xC8W\xA6fP\x98\x99\xC4\xB2\xCB\xDEB<\x15p\xF0\x97\xBFR\x16\xB7\x8F\xFF\xB1EA\xEC\xAE\x16\xA4d\xD1\x12\xA8o$*\xCE\xE4\xC8m\x18\xB3\x13)e9\xA5D\xA9\f\xAB5\x82X[\a\x85\xB7T$\xA9L\xCE\xA0:]\x86C<I\xB7\xE4PP\xC1\\:\x81\r\xADq\xB4\x14HDI+\xCC\x98\x85Hg\xAB\x9A\x1C\xBFPf~\x98\xD3\xAE\xD54\x9B\x9EW\x86\xDD\x99\x80\xDD\x92\xD2{\xA4\x02M(\xA7\xC6\xFA\x91\xBFs?\x06\x1F\xF8\x1F\x18\xB2\x00D^(\xF5\xFB<Ed\xABRfq7\xB6~\xF76\xB4\xB2\x8A\x13>$n#m\x9B\xB1C\a\xB1\xEB\xD6[P~\x88Y\xD8t\xE8*\x15d\xCF?\x15\xA7\\\xF7q\xB4\xAE^W\xC7\xC1\xF4\x81\xFD\xD8\xF9\xF5\x9BXs\xEC\xC4!\xD3E\xE6\xFC-\xF8\xF8\xAD\xB72#\x97\xB0\xFB\xCB_\xC6\xE0mw\xA3\xE5\xBC\xF58\xFB;\xB72!v\xE1\xE0\x9Dw\xE0\x85\x7F\xFC:\x99D\xB2\xBE\x94\xE1\x9BU\xF4n\xBD\x1C\xCB\xDF\xF3\x01$)G\xE0iG\x96n\xCE3_\xFF\x12\xC6o\xFE\x01\xBC\xF1\t\x15E\xD5ZE3\xD8k\xBD-\x99\x99\x96\xEEEHv.\x9CO\xC3\xBBz\xD0E\x8A\xF2\xF8\a>\x80\x99\xE7\x0E\"\xD6\x9B\xC1\xA6\xCF}\x06\xED\xA7l\x9E\xF7\\\xBC\xB3\a\x89/-\xC0\x0F\xB7n\xC5\xD8\xB1Q\xF4\xC4\xE3H\xA6\xDB\xD4\xBDa\xE2b*\xE2#K\xD7\x8B\xB6e\x11I\xCA\xC6\xB3d#G\xA8\r\x03et\\\xB8\x11\xA7\x7F\xE6\xF3\xEA\xFE\t,:\x95\x82M\xEB\xDB\x8E\xC3\x9C\xC7I\x0EC\xB3}\xF2m\r\xFA\x18\xD9\xBD\x1D\x83O?\x81\xB6e\xAB\xB0b\xCB%\xA4\xF8\xCB\x90\xD9\xB0\x06S\xDB\xF6\xB2t\xEDB|A\x8Fzn\xF4\xE9\xDFaz\xFF\x1E*\xB5\x11\x9D\e\xCFFlQ/\xAC\x15K\xE0\f\x1F\x83\x15\xF8u\xBFu\xFD*\x0E1\x92w\xCBD\xD6v\xD6\x1D\xBFE\x84\xD7\xDB\xD6\xAFSJTK\x05\x1C\xB8\xFD;(\xBC4\xA0\x16k\x03\x96\xC6\xA3;v2P9\xBA\x97`\xCCk\x89\x9D\x8C\xA9\xEA\xBB{\xEF\xBF\a?~\xDF_\xE3\x89[\xBE\xD9h\xAC\xCA\xA2\x8E^9\xD7\xD1\x84\xC7\xA1;\x7F\x84m|\xEE\xF0\x7F\xDD]o\xD29<#\xD2\x06jz\x85\\\x93\xE8w\xC4D\xBD,8\xE9V\x9D\xD0]\xE4]\xA9%K\x909e\xAD\xEAr\xE6\x87\x870\xF1\xF4n\xBA\xB6\xA9\xDB^FcI\xC2>\xE9`\xA1U\x96\xBE\xF9b\xBC\xED+\x0E\xB2k\xD6\x85O1|NO\xA9\x05\x9A\xE6]\x11\x91t+\x12,\xC8\x90l\xA9_\x13\xB3\xCB\xAE6\xAB\t\xC4\x92\x03D\x19\xBD\x04\x1E\xBCb\xA7rz\xDF^\x95pe7^\xDF\xE5\xEF\xA8\xDF[\xF1\xDE\x0Fa\xFB\x8D\x9F\xC3\xBEo\xDC\xCE\xE7\xA2\xBA\xA0jN\x88\xC6+x\xD7\xD2s\xB7\xA8\x13\xE1N\xD3C\xF7\xDF\x85\xC9\xC7w\xD0\xCC\xCE\xBC\xE77|\xFCz\xAC\xFE\xE0\x87\x18a2\xF5\x01,\x95\xA4\xF4\nom\xEE\xB5rb\xA9\xC6Z\x88\x04\x18\x89~\x9E\xA5\x13\x9B,pN>\xB6\x1D;?\xF7Y,\xDDz\x8D\xDA\xEF\x15\x04\xB2\x99\xA1[u\xE2\x97\xBF\xE3j\x1C\xFC\xEE\x9D\xCC\x1D\xBE\xAAq\f4a\xC4<q\xDBI\xF8\x92\xAAZ\x1A\x90c\xFB\x0F\xBF\x83\xA7>\xFD\x05\xF4\xFAq\x15\xEE\xE6\xB1\xDA\xB6Nu6\x1FZ\x11\xA3\x89\xBBi\x8Ed\x87\xF7\xEA\xE0\xEE\xE8@\xE2\xDC\xF5h!\x01\x95\xE5\xE7\xE2\xC1!\xB5F9\xF2\xF0#\x98\xDC\xFE,#U\x8C\xD8r\xB1\xE1\xBAOa\xD1\x05\x970=D\xC3\xA5\x84 ,,\x9B,b\xA1\xB1E\xB7\x19#\xCF\xFF\xF4\xC7\xC8\xAEX\x83\xBE3\xCE\xC2\xAA\x8B\xFF\x1C\x03\xF7\xDE\x8F\xEA\xB6=\xCCa\xD6<\xD3\r=\xFF\x14&_~\t\xD9\xB5\xEB\xD1\xBDac\x9Dj\x98\xC1\xF1\xAB\x92\x86\xC2Ls\xCEXu\xE9\x15X\xBE\xE5B\n\xE8(wz\xF2\xA3\x1FE\xC0\x04\xBB\xE9k_Q\x9DI\xD9\x81*4'\xD1\xA3\xABS\xD9l\xA3\x96\xCA\xE7{\x92.,\xACp\xDB\xB5\xD2\xD02\xEB\xA1`jp\x10\x0F\xDC\xF0\x0F\xA8\xCC\xE5\x90^\xD8\x87\x8Bn\xFA\x06Z\xCEX\xA1\xF6P\xC9\xF2\x97\xC5\xBA^\x8E]w\xDE\x89\x9F]\xFBa\xEC\xFF\xC5\xCF\xC3Q-\xB5\xE0oI\xC65\xED\xBA\x1A\x11\x92O\x933\x16a\x18\x96]\xA8\n_\xACwb\x19\t\xC5\xADL\xAC]\xEA\xBA$\xC1\xD6\x15\xA7\"\xBD|\x1Ds\xD4\xA9\xC8\xAC=\r\x0E\xDDV\x88\xD1\x81\xEF\x7F\x17\xDELIU\xAAbYY\x91\xE6\x90\xAE\xAD\xCD\xA2I\xA2$\x98\xD2t\x1E\xBF\xBD\xF9f$2\xED\x18|r;\x0E\xFF~'\xEE\xFA\xE8G\xB0\xF2\xF4\x8D\x88S\xF8Xk\x06\x05\xA9\xE1\x87\xA6\xF0\xD4\xAD\xDFF4\x9D\xC1\xF4\x9E\x97\x91b\x914\xFA\xEC\vx\xFA\xDFo\x81[,\xA204F\x9E\x95\xC0\xEC\xA1~<}\xDB\xAD\xAA\x00\x1A\xDF\xC3R\x9A%myb\x9A\xD7\xBE\xC5\\\x10mlO\x97\x82\x8E.4}t\x94E\\\x80\xBD7}M)\xAF\xEAt\xD5\x89\xF41\xFE\xEC3\x98x\x94\xEEF\xF7\n[\xBE\x18-\xBB2\xC66\xE3\xBAt\xEF\xE4\xA2\x84\xDD&\xFC\xA8\x1C\xE8E\xD1\"9\x8C\x80;\xC2\x17\xD9\x9C\xB1rq\x0E\t\xE2e)\xCD\xDF\x11K!\xC7:b\x8A\xE6wY\xA1\t}\x90\xA5g;J\xD7\xA8\x94\xD5)5D$!K\xC9\xA49\x14\xAE\xCA\xDF\xAB-K\xF1\x98\xDA\x15$\xEB$\xA2\xEC\t\xBB\xF3\xE8\x1A\xB1h\x1C\x1D\x05\x17\x96l\x99\x85\xDED\xDA\xD8\xD6\x11U\x81F\x1CF\n\xAA\xA1J\x15{s2\x0E\xAER\x16\x89\xCB6rC\xF7\x7F\x15\xD5&\xF0\xBC&\x02\xE60;\xFB\xE1@\x15>\x9B\xE7]\x9B/\x8D\xA4\x12\x8DZ\x923\x17\xB1\x1DE,k;(\f2^\x8B\xAE\xE50\xDA\xD4\x179<\xB5jCE\x93\xF5\xEDS\xF5{\xD0}\xE0\xE9\x8C\x8D6NF\xB4\xE2)\xFC6/\x94\xAA}.\x82KZ\xE2%\xD9\xF0\x03|\x9F\xD7\xEFS\xD0\xF0\x9A6W6\xEF\xEBm\x0E\x00R=\x8E\xD2*\t\x0E\xED\x9D\xF0\xBF'\x18MO\x87R\x85\xDB8P\xAB\xC1\xEB\xAB5~\xD3\xE7F\xA3\xA1\xFE]w\x840\xEAXhq\xA9H\x13\xB0\x85u\x1789c\xB4\xC4\xA4\xAB\n\xF8\x1F\xF0\xFA\xC7jQk\xAA\xBFP\xB1P\xDF\n\xFC\xCA\x87,\xC9\xE1\x8F\xF8?'\xFE?\x8E\xE0\xE4\xCB\xD5R\x83I!\xFF4#\xDFm\xBC\xF7\xB3\xDA\xA3\xFF'\xC0\x00\xBE\x01\x98\x9C-\xEB\xB3\x9E\x00\x00\x00\x00IEND\xAEB`\x82",
           :headers => {'Accept'=>'*/*', 'Accept-Encoding'=>'', 'Authorization'=>'AWS AKIAIPWG2V7NAID5EWAA:EU9VkgeQEjwC93I20mRP+RWW19E=', 'Content-Length'=>'6646', 'Content-Type'=>'image/png', 'Date'=>'Thu, 29 Oct 2015 14:48:27 GMT', 'User-Agent'=>'aws-sdk-ruby/1.55.0 ruby/1.9.3 x86_64-linux', 'X-Amz-Acl'=>'public-read'}).
      to_return(:status => 200, :body => "", :headers => {})
    
    ============================================================
  # (eval):3:in `put_object'
  # ./app/models/resource_page.rb:248:in `block in new_attached_files='
  # ./app/models/resource_page.rb:246:in `each'
  # ./app/models/resource_page.rb:246:in `new_attached_files='
  # ./spec/models/resource_page_spec.rb:43:in `block (3 levels) in <top (required)>'

  4) ResourcePage after creation should allow multiple new files to be attached
  Failure/Error: @resource_page.new_attached_files = [
  WebMock::NetConnectNotAllowedError:
    Real HTTP connections are disabled. Unregistered request: PUT https://test-rigse-image-upload.s3.amazonaws.com/attachments/35/original/rails.png with body '‰PNG
    
       IHDR   2   @   XÕ${   tEXtSoftware Adobe ImageReadyqÉe<  ˜IDATxÚ¬[	”\e•şŞR¯Ö®®^ª;IwgßÃ‚a×È@`ÄñÈÉÇíè¨gÆãœGgDgtÜqDFqFñ ¢DÄqFÈ’@ÒéNºÓûRU]Ë«÷Ş|÷ÿ_-Q˜Çyéª÷^ıïŞÿŞïŞïŞÿÇ¸.İ‹ğ0‚ WÀ_6€ÍkšùbğfÌ»Ü¸ù‡£6À«<4Æw5ÿæ~*rÛá—?À¿9–ñîöˆm´Ø&"¦ØãMß÷ù7@vm'Ú· {¼_¿S)Vû¬ÿi\“ÃWôG?¨Ë¸Õ«jM‹dÜ@	lDLXé¸ºW-TàÍUá+@ŞEPào\&*R¹¢§áûnn‰˜¹,á fšğDÀWrX|¸Ê3M£=Û§\‚İƒŠ«÷Eç³JˆºB–[döµ6A¨¨º'Ÿ=‘t¬x^©„ÊÔ$Çòa86Ìˆ¥®ò{,
    Ï±Pµ©ŒepNø*_ìW©ˆ_3¢oóŸ·;†ñŞ¥ñ(•0àòE¾:¡¬àñƒÏÙiïËÒ6ªeÎÌXn¡ŒhGf"ƒÂúL|S+(+.gĞ¤¾–­g=¨Y‡c—Êh=m#V_û·¬Š#ÿû}èñ‚ÇªòİÎ|±ŒÀâtR	ñŸŞD8VÙÕ„‰M~xg!ni%DyŸ(¡”¡‰îâé…õ•ÛB,{(äàNÎÁ´ãpÒˆ$3°ãiØ±$ìh›.@ße[a'ãœeºJÔ‚³yš¼Åì‹Ï 4>ŒH*ƒöMçÂéHQ(Jgt-ƒÖ¢»QI^·‚ğ©dĞÂ„@áçsÓÔÒ-¡'-´
    51¤{³' Ò0õ ÕÙ|În4Û‰h{V½@Ü©çâw"»éB¾ËTŠ=rŸzqP­pBè‘HãÈƒ?¢Åˆƒâ]-ÃqópgsPiŠSÓª®…ög`j×n¸ù)˜‰šÊõŠ ¶må¾¡B2L†.¥ûx!¸j¦ÔúJ¡À÷P! Kˆ/\¤
    Ê®RB[0µç9TrÓˆu. Ş¢uå©Hö®$´…Á™DDQÒ+ä:ˆÜÁİ˜Ù»3/¾ŒçnÁò«Şÿú%äöõSjm‰2Ğå!&D/ü[¥EÚHw·Wş	‘ßA-RR!ê•æP eŠu„•HÁimÇè“"µtÚ6lF²g¹²Ğ«-ËO.¸å™1Œ?÷ÆúÒksX~õVìúêtmZJğR1êŠÔ1èé¦N÷ÌôuÁ&Ğ<Ïõ â½©,T™šbÈ,`ğçw¢óÌ°ğWP¥x-G´5‹¯ä—ãèÃ`ø±•Õ´/5pbêğÔÁ­¬Aà©öt¨ÄIVJç_«]§›0/´²‰¾½‰DiòH=¿–Ã´#è»ø*œö77 ç-3‚Ññ	şVuQØ0ê.…¨ÍpÛİ”Ó%ĞyÀw	Ú ÂhÑ™Wğâ¹0ã),ºô2$—ôbúà6&²¼ÄI/@báj$²ËöøI®–‹(fx'¨æJ…nËÉOµ"±`©ÂØŸø<-¼/ßúŸL®Ñ®%^ÏÈ«œÍ¶ŞnÄ2½ªwÒ—ùå2}}Xüö­úÕ½È¼L€'Q£Ù-,¿ümˆ/ê¤‹Â4#0“­´Š‹òôQ”&0›È0¤¯à¹NK—r¯<‡éıÏböğ^¢kN#_ wzU7hg'C{
    -½k=ç"¬y÷‡Q"÷Ş~šjë¼húï[#V\\Í€“t¯êÓ®Ì'K„3ÌJQ…Î5¹¾{ÚOÛ„Â±~ŒışEäXö®+ÑuÖTÂ3ˆ/Ád}j¤¬"ÉQ„.M 8öÜâæ#wh/ïÛŒfg0çTàp’ü9-cÉïƒC«ìûŞ8öØ£Ê‹&Ÿ{³ƒÃÊ•K6Âä'fñi•Ìâ.D˜ O°F¨X•¥÷’+°à¼KPš"…0ĞuşE8pÇ¯±ê=W¡÷Ò‹àås¤Nt7_¶©Ât˜ê»q;* eªØõíÛ0üÈdÖ.Æêk¶¢óŒéŠÓ¨L¨I°¢qÅ*ÿô{t·	Z%‚¹á~ìşæcÆ%š²HÊ6â>sA,›A×²…Ú×æ)¡£ƒaIäE¹C(ÒERK{8‚çÿé«È¬[µy?iI5$¬†%ê·fø{}Šu¬¨ƒ—îúúïŞFäûÇ1¶ãÌ~ã;v1l'‰¦˜@åç¤F…æ¡Œ
    'IF'mñ!K¤7ã…Ğ"Œ&­]ÒÍw1ó5¨#4V§iò‘Å¾nÇÔö[Ô—ávãÇ8Äš…Ø)>Cá=L´B´ˆ“Àào~‹é½/ø¸3%ºw´‚·ÿFı4Ö“ÁÊ¿8™Ş>bWX@‡bÆÉb@¼ÙIzP9ĞI±vÁFfQÉL‹Ê!2c£EP(se4~¦5RhƒAÂ90‚‘_?‡ æcóMŸE¢§teV¹”OaOr
    İÓ÷B¦ª]ËpÈ±ÆØ“»±ñ“"EyïxˆÏ:ü­	ÇŠ)‹–Ìbl×‹hYâÀu…ÖÄT´™dâÔ«æÈíwš=Ø¢¥M€gw“VPè™OFÎ’â2¶æ5-TD—[ŠåZ2Ã>–]ıV,xÓ›IOŠ²Æ…)œJ”ñÍº[)?cn28pÿ#(çmkÇÒ+.Âè£/ phœÊ®×Q6?³wå7‘îÇHãIoÄSj)“ÅÉ1<±¤ÙÈ#í¬-œ£¨Næ9ûO1Í°ØÑéŞkÂIäòK´¬éÁÊ÷¿—r:¼Ç(Å—‹;rº“R&<9€ª3¦v¿@Áw(w:ø“Ğ~æ:T¦óÊFSŞ’ï•±"¦ö£ç¼ÕŠ’Tád®Ì¬T‚ã9ˆæıPIb“3•…˜JØzæóT’Q×„¥BÕP23´Æµï¢éW’­Î*|@^¤¬¡)Q³ŒüwåÃ?I¬éqŞû=ü,¼™Š<@Ğ B8)“;¢û¬50ù¼éHˆ-=ıTÁ	í”SAº@Œ”Œ@¹„f‚5Ş¨r”é[ƒÊT%#c|…õÃZ&Äw(B)tD¹•Q%Êvø™yCşš‘(â,ÆŸ|ï‰ÁƒŠÊ°¶ÆÉi‰‰¹ä&å—<#u:Íëª3E­HkÍzÕĞ´)nd¶ØF>1Vä2À²k®F¼½GYL	KáMQÀlR&TBşÚ,igv¿ˆòè8]C œ8S±f#Ä…4æQ¡ŠÚ¬Õ'?Ìç¢,ÈÊ=¥ËaVÕ9WEX³ö³Yr§rà‡ª*Ô!âcÍõÄÆ¯~­×)Ğú,=ÛøyÑŸ]ªj–lGeíšEÌº5´r_2ñÔ}d×"½a‰ª]Œ0ßM9·¦PˆZ¶…ÙİG17‡ÍÌnE"ÊR¢ˆÇrÛó\ñY‡Q‰)!|5U(d¬·=—^‰Å—¿o¼ãÇ8õ³×+Ğö¼õ2ÀNU“6jB[¡àëˆB5ÅèV.]šÅ²­Wãô/^¯”‘ä©¬Ğôßñ
    ´Š;Y"Vúi‘$±’¤2¶ŠœÕÙ²º_§ñµc‚‰Æ«(F^Eçùg“qö©{–C°ñŒ÷P¹‹/#K8ã–İôY+ QÈ
    İMğ1>ÜAÌìß®Íç¢ëÂÍ,gİy®t²Ş•n,˜˜z¾ŸÅE$‘VÀ÷Š.ñÉävßÌæÌâ.†PyLaèpóâÈÏîGç9TnÑÒ:uiàÀšçRZ!z‹I0?ĞÒá1<ÿ‰/`àû˜7ÈÓ$)XÆqøhØ¦všt¯¹Ã“,}‡˜ÓäjITòeuÓ°Ìù¢r0šë³h§%” ‰£ÿıKŒüîQ’Â˜3V£0<ˆ%W¿ëÄ&¢„V‚< ÎÄ5%ÔJ2”Sø™IE
    ÃJÒÊX;>u#­$¬6ªÉ±¯óGM™ÀhØF…d˜td|Û~dÏ\O9Ijç**záDØb)PBÌÒ½¦h•…-qøqîl‘%ë/€{ïGzÍ*d7ŸóŠ=QS]:‡ˆRº©QbÂUàMPá’¯‚†ò$%½æ¨ du]õˆXefïQzÈ$Ÿ«(¾¥'Ğ˜‘Z‹HŠ«#äÇAÜRÂX¬íDB	Ø~öÈÿ`‹×0.F|XŒXKì)æêé™w¬FoÊlzyÈhÔßš»ÕÜKz³Œ>±“‚.&nEjÍ„™U,2'•ƒ÷ &iwö¬óşè[’d­À[	™ÓV)ö*¦Q§a†v¦†›úl…êQÌDit[VŠIQ‰ÚhRÄ@½$)Éy~mÆ|ÒøäŠ>ºÖú?­cJ+V²H'6şË?ã7iÖ.ûX‹H8ÌFŞ¨)d†AYøUÂBjE»"—Š.ñ4w-?lÍÚÔ2ÃYœ™.Á•úÎRj¤W¬D¢«÷µö@BÜØ¬.ß†sşã[H-gA—S™F¨3ÿÚFıj™ÅÒ]úØ¢œ„ÊèBPë–¬…_—>M%bt—©?_rÕ¬	-h]·öµ·rœ_Å¾[nÂÈ¶‡˜›Q‘ªã¢+GÔ­_û\ÃŠ
    ±şZÙ¦fÜeÑÖĞÏótŒ(|ºU(‡Ü'.g	®VFÃENÇë9’½½üé}Ll»4ÎTÅ&ntoÂ¨Ó’ œX	ÉFßéˆ"º€…_‰ÕfYzÇF˜~y& Gu]$›§æO[Èöv#]ğº‰.è@$VA`â±§T°¢Ñ°õZ[2šº–µuİ+ˆ/mUÁCò‡_T½n‡y¤Ñ —|l\«³¹şÌMÌ"G[¼¸±ìëR$µd™Š|:—Ä›º“F½Ii„reÚ"Ùµ³át· Ê ä“ú,¼+ÛŒ­1ÜìZ1Ú1ÉÈÒuÑ‘dt*çK¨2éÜsŒd;	[êõ)²x¥²€W.¡¹z2jåTh#D®VŒß\NO
    &eó…_±v’U2Ÿ×İBè^µ¨%ã¶0FÛÓHöô²(/Ô˜I§2>‰’•Àë=œLñÅ]ºÑdvUUëpk"ìijBœ®$’,O-0y<}~®Ã*Tºö£5LÄùErE4İBß³XŠÆX‚N£:<†9š²¼>Eìd
    -ËV*‹ø®«»êu¥B…LÍİÒs»µN*Š*­á…JxåªRÈÍUÁôÄè¾–,ôÈìTÊ(ìÛƒ•ÈûËGuÔ ÿŸ@÷âÅ¯Yƒ{ëÚu|ùCïJF¯(OL°bœÔ±–Ñín‚Õ´iKhp‹ğÒ×·’F»tx8³#µ¸ª9Fs±FŸÚ‹è³û½®DT‘¨A”n1vğeF¯^M^kfĞÈ.Ä†İ V¨Ê“Ç°ı3ŸÄøãÏÀJÆËaãY@n&»ªjµ‚Llø:Š¤Mô¬‰cÓšğêÂ…Æà—<ÿNğÁ#Å
    Nä062KkYˆµ¤QÆ,yÎë9Ú6lBşp?r‡(ÚëX„eW_.KuJR'‚-^x¢"^‘j’n5RE0&¦`iÎP\¬”4^º'j-!õæ’*´¨`4†£ü]Ô-"ñâ>´vu×ËË?9—´w!–íÂÎ/~­ë×#ÚÚÉh…“í ›MªÄÛÈò”ƒÚ› °ó®Ì´nMA}m W,)(ìÃ®….µ¦N¬yÛ%$æÇà³*ËóŞş={P9Šîõ§¢cé
    D“zHî>ÿBlÿäu˜Ş¾K78˜x-Ö>V,¢ó‰'µJU»× \L¯¹]Èl¥é>W*ªr¡Ù-h«Xóªf~oI†“Z3fç±î>v‰öN´3
    u¯Z‡Tgg}÷Õö363:.g/-ÒH¸+"P‰ÎÏKÛ‰SZô4´„òZÕ_×ò¦<K*¹š­Şë7¢È*ì@g¥yK
    &™ø›¸AÒI)W‹³Úù4FìF[ßRt­Ş€ÌÂ¾×şƒŠƒîŞò&Ü}7'™®ÃÙ÷f«ª7h`İ0ÎÚş•p[‡(>GlXM¾c7¶é"§Ê;Ò¿
    ‹£òĞ(İ÷5f‚MÄğUC¯¶OF6Ü±ÎßCNf³t¹>$S1V†aéêëR·&œ4)æ¡ÊÈâÍéÙ—†a y]‘ä%íW	·AÍ*|g©XĞ{Q¤Ÿc>iTX1‚F‡‰ ®M`|à!Ó[$‚±¦PŠ4šªÊŠ¢Ğ$ı¶Ÿ#,d«ÉŒƒ(?KT¬JR¥Û¸SŒû%C7ôjûHšÖbæµƒj+ÊáN$©,³[.@Ë¹›ĞÑ¾ÿş_ ÈÏà?™.3ëÖúÄµÂH"U$âĞZ¶^ªñX0É2!KÚc©	²ù¥8Åqè.N«¬‰ˆMI6–N&3µŠ÷n8´¤eë¤ëöÁx¥oéÈW¦fP˜™Ä²ËŞB<pğ—¿R·ÿ±EAì®¤dÑ¨o$*ÎäÈm³)e9¥D©«5‚X[…·T$©LÎ :]†C<I·äPPÁ\:­q´HDI+Ì˜…Hg«š¿Pf~˜Ó®Õ4›W†İ™€İ’Ò{¤M(§Æú‘¿s?ø² D^(õû<Ed«Rfq7¶~÷6´²Š>$n#m›±C±ëÖ[P~ˆYØtè*dÏ?§\÷q´®^WÇÁôıØùõ›XsìÄ!ÓEæü-øø­·2#—°ûË_Æàmw£å¼õ8û;·2!váàwà…ü:™D²¾”á›Uôn½Ëßó$)GàiG–nÎ3_ÿÆoş¼ñ	EÕZE3Øk½-™™–îEHv.œOÃ»zĞEŠòø>€™ç"Ö›Á¦Ï}í§l÷\¼³‰/-À·nÅØ±QôÄãH¦ÛÔ½aâb*â#K×‹¶eIÊÆ³d#G¨et\¸§æóêş	,:•‚MëÛÃœÇIC³}òmúÙ½ƒO?¶e«°bË%¤øËÙ°SÛö²tíB|Aznôéßazÿ*µÏFlQ/¬Kàƒøu¿uı*1’wËDÖvÖ¿E„×ÛÖ¯SJTK¸ı;(¼4 k–Æ£;v2P9º—`Ìk‰Œ©ê»{ï¿?~ß_ã‰[¾Ùh¬Ê¢^9×Ñ„Ç¡;„m|îğİ]oÒ9<#Òjz…\“èwÄD½,8éVĞ]ä]©%K9e­êræ‡‡0ñônº¶©Û^FcIÂ>é`¡U–¾ùb¼í+²kÖ…O1|NO©šæ]‘t+,Èl©_³Ë®6«	Ä’D½¼b§rzß^•pe7^ßåï¨ß[ñŞaûŸÃ¾oÜÎç¢º jNˆÆ+x×Òs·¨áNÓC÷ß…ÉÇwĞÌÎ¼ç7|üz¬şà‡a2õ,•¤ô
    omîµrb©ÆZˆ‰~¥›,pN>¶;?÷Y,İzÚï²™¡[uâ—¿ãjüîÌ¾ªq4aÄ<qÛIø’ªZcû¿ƒ§>ıôúqîæ±Ú¶Nu6Z£‰»id‡÷êàîè@âÜõh!•åçâÁ!µF9òğ#˜Üş,#UŒØr±áºOaÑ—0=DÃ¥„ ,,›,b¡±E·#ÏÿôÇÈ®Xƒ¾3ÎÂª‹ÿ÷Şê¶=ÌaÖ<Ó=ÿ&_~	ÙµëÑ½acj˜Áñ«’†ÂLsÎXuéX¾åB
    è(wzò£EÀ»ék_QIÙ*4'Ñ£«SÙl£–Êç{’.,¬pÛµÒĞ2ë¡`jpÜğ¨Ìå^Ø‡‹núZÎX¡öPÉò—Åº^]wŞ‰Ÿ]ûaìÿÅÏÃQ-µàoIÆ5íº’O“3a–]¨
    _¬wb	Å­L¬]êº$ÁÖ§"½|sÔ©È¬=İVˆÑïŞLIUªbYY‘æ®­Í¢I¢$˜Òt¿½ùf$2í|r;ÿ~'îúèG°òôˆSøXk©á‡¦ğÔ­ßF4Áô—‘b‘4úìxúßo[,¢04F•Àì¡~<}Û­ª ßÃRš%mybš×¾Å\mlO—‚.4}t”E\€½7}M)¯êtÕ‰ô1şì3˜x”îF÷
    [¾-»2Æ6ãºtïä¢„İ&ü¨èEÑ"9Œ€;ÂÙœ±rq	âe)ÍßK!Ç:bŠæwY¡	}¥g;J×¨”Õ)5D$!KÉ¤9®Êß«-Kñ˜Ú$ë$¢ì	»óè±h–l™…ŞDÚØÖUFF
    ª¡J{s2®R‰Ë6rC÷Õ&ğ¼&æ0;ûá@>›ç]›/¤Z’3±E,k;(2^‹®å0ÚÔ9<µjCE“õíSõ{Ğ}àéŒ6NF´â)ü6/”ª}.‚KZâ%Ùğ|Ÿ×ïSĞğš6W6ïëm R=Ò*	íğ¿'MO‡R…Û8P«Áë«5~ÓçF£¡ş]w„0êXhq©H°…u89c´Ä¤«
    øğúÇjQkª¿P±Pß
    üÊ‡,Éáø?'ş?àäËÕRƒI!ÿ4#ßm¼÷³Ú£ÿ'À ¾˜œ-ë³    IEND®B`‚' with headers {'Accept'=>'*/*', 'Accept-Encoding'=>'', 'Authorization'=>'AWS AKIAIPWG2V7NAID5EWAA:3GquL1lkyV4EP7sJSJ6kPF+IGMA=', 'Content-Length'=>'6646', 'Content-Type'=>'image/png', 'Date'=>'Thu, 29 Oct 2015 14:48:27 GMT', 'User-Agent'=>'aws-sdk-ruby/1.55.0 ruby/1.9.3 x86_64-linux', 'X-Amz-Acl'=>'public-read'}
    
    You can stub this request with the following snippet:
    
    stub_request(:put, "https://test-rigse-image-upload.s3.amazonaws.com/attachments/35/original/rails.png").
      with(:body => "\x89PNG\r\n\x1A\n\x00\x00\x00\rIHDR\x00\x00\x002\x00\x00\x00@\b\x06\x00\x00\x00X\xD5${\x00\x00\x00\x19tEXtSoftware\x00Adobe ImageReadyq\xC9e<\x00\x00\x19\x98IDATx\xDA\xAC[\t\x94\\e\x95\xFE\xDER\xAF\xD6\xAE\xAE^\xAA;Iwg\xDF\xC3\x12\x82a\xD7\xC8\x19@`\x14\xC4\xF1\xC8\xC9\x01\xC7\xED\xE8\xA8g\xC6\xE3\x9C\x01GgDgt\xDCqD\x18FqF\xF1\xA0\xA2\a\x06D\xC4qF\x11\x10\x81\xC8\x1A\x92\x90\x8D@\xD2\xE9N\xBA\xD3\xFBRU]\xCB\xAB\xF7\xDE|\xF7\xFF_-\x9D\x04Q\x98\xC7y\xE9\xAA\xF7^\xFD\xEF\xDE\xFF\xDE\xEF\xDE\xEF\xDE\xFF\xC7\xB8.\xDD\x8B\xF00\x82\x00W\x06\xC0_\x19\x066\e\x80\xCDk\x01\x9A\x0E\xF9b\xF0f\x10\xCC\xBB\xDC\xB8\xF9\x87\x0E\xA36\xC0\xAB<\x174\r\xC6w5\xFF\xE6\x15~*r\x8E\xDB\xE1\x97\x16?\xC0\xBF9\x96\xF1\xEE\xF6\x88m\xB4\xD8&\"\xA6\x16\xD8\xE3M\xDF\xF7\xF97@vm'\xDA\x16\xB7 \x90{\xBC\x06_\xBFS)V\xFB\xAC\xFFi\\\x93\xC3W\x17\xF4G?\xA8\xCB\x19\xB8\x1C\xD5\xABj\x11M\x8B\x17d\xDC@\tlDLX\xE9\xB8\xBAW-T\xE0\xCDU\xE1\x15+@\xDEEP\xE0o\\\x1F&\a*R\x8E\x9D\xB9\xA2\xA7\x14\xE1\xFBnn\x89\x98\x7F\xB9,\xE1 f\x9A\xF0D\x81\xC0WrX|\xB8\xCA3\x9EM\xA3=\xDB\x06\xA7\\\x82\xDD\x16\x83\x9D\x8A\xAB\xF7\a\x1EE\xE7\xB3J\x88\xBAB\x81\x96[d\xF6\xB56A\xA8\xA8\xBA'\x9F=\x0F\x91t\e\xACx\x02^\xA9\x84\xCA\xD4$\xC7\xF2a86\xCC\x88\xA5\x15\xAE\xF2{,\n\xCF\xB1P\xB5\xA9\x8CepN\xF8\x9E*_\xECW\xA9\x88_3\xA2o\xF3\x9F\xB7;\x86\xF1\xDE\xA5\xF1(\x950\xE0\xF2E\xBE:\xA1\xAC\xE0\xF1\x83\xCF\xD9i\xEF\xCB\xD2\x126\xAAe\xCE\xCCX\x01n\xA1\x8ChG\x12f\"\x06\x83\xC2\xFA\x14L|S+\x11(+\x04.g\xD0\xA4\xBE\x96\xADg=\xA8Y\x87c\x97\xCAh=m#V_\xFB\xB7\x14\xAC\x8A#\xFF\xFB\x13\x1C}\xE8\x1E\x18\xF1\x18\x82\x12\xC7\xAA\xF2\xDD\x15\xCE|\xB1\x8C\xC0\xE2tR\t\xF1\x04\x9F\xDE\x12D8V\xD9\x10\x01\xD5\x84\x89\x05M~x\x7F\eg!ni%D\by\x9F(\xA1\x94\xA1\x90\x89\xEE\f\xE2\xE9\x14\x85\xF5\x95\xDBB\x06,{(\x8F\xE4\xE0N\xCE\xC1\xB4\xE3p\xD2\x1D\x88$3\xB0\xE3i\xD8\xB1$\xECh\x14\x9D\x9B.@\xDFe[a'\xE3\x9Ce\xBAJ\xD4\x82\x15\xB3y\x9A\xBC\x16\xC5\xEC\x8B\xCF\xA04>\x8CH*\x83\xF6M\xE7\xC2\xE9HQ(Jg\et-\x83\xD6\xA2\xBBQI\x8D\r^\xB7\x82\xF0\x9E\xA9d\xD0\xC2\x84@\xE1\xE7s\xD3\xD4\xD2\x0F-\xA1'-\xB4\n51\x13\x11\xA4{\xB3'\x00\xD20\xF5 \xD5\xD9\x02|\xCEn4\xDB\x89h{V\xBD@\xDC\xA9\xE7\xE2w\"\xBB\xE9B\xBE\xCBT\x8A\r=r\x9FzqP\xADpB\xE8\x16\x91\b\x15H\xE3\xC8\x83?\xA2\xC5\x88\x83\xE2\f]-\xC3q\xF3pgsP\x1Ei\x8AS\xD3\xAA\xAE\x85\xF6\x8Dg`j\xD7n\xB8\xF9)\x98\x0E\x15\x89\x9A\xCA\xF5\x1A\x8A\x00\x11\x01\xB6\x0Fm\r\xE5\xBE\xA1B2L\x86.\x15\xA5\xFBx!\xB8j\xA6\xD4\xFA\x18J\xA1\xC0\xF7P\x1A\x19! K\x88/\\\xA4\x04\n\xCA\xAERB\x8E\x8E\x8D[0\xB5\xE79Tr\xD3\x88u. \xDE\x16\xA2u\xE5\xA9H\xF6\xAE$\xB4\f\x85\x17\xC1\x99DDQ\xD2+\xE4\x90\e:\x88\xDC\xC1\xDD\x98\xD9\xBB\v3/\xBE\x8C\x05\xE7n\xC1\xF2\xAB\xDE\x8D\x9D\xFF\xFA%\xE4\xF6\xF5Sj\x8Em\x892\x8D\xD0\xE5\a!&D\x19/\xFC[\xA5\eE\xDA\x13Hw\xB7\x13W\xFE\t\x16\x91\xDF\x18A-RR!\x0E\xEA\x95\xE6P\x18\x18\xA0e\x8A\x18u\x1F\x84\x95H\xC1im\xC7\xE8\x93\x0F\"\xB5t\x1D\xDA6lF\xB2g\xB9\xB2\xD0\xAB\x1D-\xCBO\x05.\xB8\x12\xE5\x991\x8C?\xF7\x04\xC6\x9E\xFA\x1D\xD2ksX~\xF5V\xEC\xFA\xEA\x8DtmZJ\xF0R1\xEA\x8A\xD41\xE8\xE9\b\xA6\x01N\xF7\xCC\xF4u\xC1&\xD0<\xCF\x7F\xF5\x04\xA0\xE2\xBD\xA9,T\x99\x9Ab\xC8,`\xF0\xE7w\xA2\xF3\xCC\v\xB0\xF0\x8DWP\x81\xA5x-G\xB45\x8B\x9E\v\xAF\xE4\x18\x97\xE3\xE8\xC3\x0F`\xF8\xB1\a\x95\xD5\xB4/5pb\xEA\xF0\e\xD4\xC1\xAD\xACA\a\x8D\x13\xE0\xA9\xF6t\xA8\xC4I\x12V\x18J\xE7_\xAB]\xA7\x9B0/\xB4\x9D\xB2\x89\xBE\xBD\x89\x16\x9DDi\xF2H=\x14\xBF\x96\xC3\xB4#\xE8\xBB\xF8*\x9C\xF677\xA0\xE7-\x173\x82\xD1\xF1\t\xFE\x1AVu\x1EQ\xD80\xEA.\x85\xA8\xCDp\xDB\xDD\x94\x8E\x8F\xD3%\xD0y\xC0w\t\xDA \xC2h\x14\xD1\x99W\xF0\xE2\xB90\xE3),\xBA\xF42$\x97\xF4b\xFA\xE06&\xB2\xBC\x12\xC4I/@b\xE1j$\xB2\xCB\b\xF6\xF8I\x05\xAE\x96\x8B(\x8E\x1Cfx'\xA8\r\xE6\x90J\x85n\xCB\xC9O\xB5\"\xB1`\xA9\xC2\xD8\x19\x9F\xF8<-\xBC\x18/\xDF\xFA\x9FL\x8E\xAE\x12\xD1\xAE%^\xCF\b\x14\xC8\xAB\x9C\xCD\xB6\xDEn\xC4\x182\xBD\xAAw\xD2\x97\xF9\xE52\x12}}X\xFC\xF6\xAD\x18\xFA\xD5\xBD\xC8\x0F\xBCL\x80'Q\x9E\x9D\xA3\xD9-,\xBF\xFCm\x88/\xEA\xA4\x8B\x8D\xC24#0\x93\xAD\xB4\x8A\x8B\xF2\xF4Q\x94&\x060\x9B\xC80\xA4\xAF\xE0\xB9\x12NK\x97r\x0F\xAF<\x87\xE9\xFD\xCFb\xF6\xF0^\x14\x8F\x1D\xA2kN#\x12_\x00wz\x06U7\x8Fhg'C{\n-\xBDk\x90=\xE7\"\xACy\xF7\x87Q\"\x1E\xF7\xDE~\x8F\x9Aj\xEB\xBCh\xFA\xEF[#V\\\\\xCD\x15\x80\x93\x16t\xAF\xEA\xD3\xAE\x17\xCC'K\x843\xCCJQ\x85\xCE5\x1F\xB9\x9E\xBE{\x05\xDAO\xDB\x84\xC2\xB1~\x8C\xFD\xFEE\xE4\x06\vX\xF6\xAE+\xD1u\xD6\eT\xC23\x88/\xC1\x8Dd}j\xA4\xAC\"\xC9Q\x84.M\x0E\xA08\xF6\x12\xDC\xE2\x14\xE6\x8E\r#wh/\xEF\xDB\x8Cfg0\x14\xE7T\xE0p\x92\x9D\xFC9-\x1E\x8Fc\xC9\x15\xEF\x83C\xAB\xEC\xFB\xDE\x8D8\xF6\xD8\xA3\xCA\x8B&\x9F{\x0E\xB3\x83\xC3\x18\xCA\x95K6\xC2\xE4'f\xF1i\x95\xCC\xE2.D\x98 O\xB0F\xA8X\x95\x14\xA5\xF7\x92+\xB0\xE0\xBCKP\x9A\x1E\"\x850\xD0u\xFEE8p\xC7\xAF\xB1\xEA=W\xA1\xF7\xD2\x8B\xE0\xE5s\xA4Nt7_\x02\xB6\xA9\xC2t\x10\x98\xEA\xBB\x04q;* e\x06\x0F\xAA\xD8\xF5\xED\xDB0\xFC\xC8\x1Ed\xD6.\xC6\xEAk\xB6\xA2\xF3\x8C\v\xE9\x8A\xD3\xA8L\x8E\xA8I\xB0\xA2q\x04\xC5*\x0E\xFF\xF4{t\xB7\tZ%\x82\xB9\xE1~\xEC\xFE\xE6\x8D\x90\x14c\xC6\x1D%\x9A\xB2H\xCA6\xE2>sA,\x9BA\xD7\xB2\x85\xDA\xD7\xE6)\xA1\xA3\x83a\x10I\xE4E\xB9\x03C(\xD2ERK{8\x82\x81\xE7\xFF\xE9\xAB\xC8\xAC[\x8E\xB5\x1Fy?iI5$\xAC\x86\x0E%\xEA\xB7f\xF8{}\x8Au\xAC\xA8\x83\x97\xEE\xFA\r\xFA\xEF\xDEF\x81\f\xE4\xFB\xC71\xB6\xE3\x19\xCC\x1C~\x0E\xE3;v1l'\x11\x89\xA6\x98@\xE5\xE7\xA4F\x85\x19\xE6\xA1\x19\x06\x8C\n'IF'm\xF1\x18!K\xA47\xE3\x85\xD0\"\x8C&\x16\xAD\x90]\xD2\xCDw\v1\xF35\x05\xA8#\x904\x81\x02V\xA7i\xF2\x91\x12\a\x9D\xC5\xBE\x17n\xC7\xD4\xF6\x17\x10[\xD4\x05\x97\xE1v\xE3\r\x7F\xC7\x178\xC4\x9A\a\x9D\a\x85\xD8)>C\xE1=\x15L\xB4B\xB4\x88\x93\xC0\xE0o~\x8B\xE9\xBD/\x13\xF8\x19\xB83%\xBA\x8F\rw\xB4\x82\x03\xB7\xFFF\xFD4\xD6\x93\xC1\xCA\xBF8\e\x99\xDE>bWX@\x87b\xC6\x01\xC9b@\xBC\xD9IzP9\xD0I\xB1\x06v\xC1FfQ\x16\xC9L\x8B\xCA!2c\x06\xA3EP(\x01se\x124~\xA65\x02Rh\x83A\xC2\x8E9\x1C0\x82\x91_?\x87 \xE6c\xF3M\x9FE\xA2\xA7\x8FteV\xB9\x94Oa\x03Or\n\xDD\xD3\xF7B\xA6\xAA]\xCBp\xC8\xB1\x0E\x1F\xC6\xD8\x93\xBB\xB1\xF1\x93\x1F\"Ey\x1C\a\xEFx\x88\xCF:\xFC\xAD\t\xC7\x8A)\x8B\x96\x8E\xCCbl\xD7\x8BhY\xE2\xC0u\x85\xD6\xC4T\x02\xB4\x99d\x03\xE2\xD4\xAB\xE6\xC8\xED\x04w\x9A=\xD8\xA2\xA5M\x80g\x17w\x93VP\xE8\x99\x02OF\x1F\xCE\x92\xE22\xB6\xE65\x81-TD\x97[\x8A\xE5Z2\xC3>\x96]\xFDV,x\xD3\x9BIO\x8A\x04\xB2\xC6\x85)\x9CJ\x94\xF1\xCD\xBA[)?cn\x1128p\xFF#(\x8F\xE7\x10mk\xC7\xD2+.\xC2\xE8\xA3/\xA0ph\x9C\x1C\xCA\xAE\xD7Q6\x81?\xB3w\x1C\xE57\x91\xEE\xC7H\xE3Io\xC4S\x04j\x06)\x93\xC5\xC91<\xB1\xA4\xD9\xC8#\xED\xAC-\x9C\xA3\x13\xA8N\xE69\xFB\x1E\x14O1\xCD\xB0\xD8\xD1\xE9\xDE\x90k\xC2I\xE4\x12\x15\xF2K\x15\xB4\xAC\xE9\xC1\xCA\xF7\xBF\x97r:\xBC\xC7(\xC5\x97\x8B;\x19\x02r\xBA\x93R&<9\x80\xAA3\xA6v\xBF@\xC1w(w:\xF8\x93\a\xD0~\xE6:T\xA6\xF3\xCA\x1AFS\xDE\x92\xEF\x95\xB1\"\xA6\xF6\r\xA3\xE7\xBC\xD5\x8A\x92T\x03\xE1d\xAE\xCC\x1F\xACT\x82\xE39\x88\xE6\xFDP\x11Ib\x93\x05\x043\x95\x90\x85\x98J\xD8z\xE6\xF3T\x92Q\xD7\x84\xA5B\xD5P23\xB4\xC6\xB5\xEF\xA2\xE9W\x92\xAD\xCE*|@^\xA4\xAC\xA1)\x8DQ\xB3\x8C\xFC\x15w\xE5\x18\xC3\x0F?I\xAC\x15\xE9\x9Eq\f\xDE\xFB\x18\x8E=\xFC,\xBC\x99\x8A\x12<@\xD0 B\x12\x138)\x93;\x8E\xA2\xFB\xAC50\xF9\xBC\xE9\x15H\x88-=\xFD\x12T\x19\xC1\x02\t\xED\x94SA\xBA@\x8C\x94\x8C@\xB9\x84f\x825\xDE\x11\xA8r\x94\xE9[\x83\xCAT%#c|\x85\xF5\xC3Z&\xC4w(B)tD\xB9\x95\x15Q\x7F%\xCA\x18v\xF8\x99yC\xFE\x9A\x91(\x13\xE2,\xC6\x9F|\x01\x16\xEF\x89\xC1\x83\x8A\x8F\xCA\xB0\xB6\xC6\xC9i\x89\x89\xB9\x81\x19\xE4\x06&\x14\xE5\x97<#u\x8D:\x1D\xCD\xEB\xAA3E\xADH\x8Dk\xCDz\xD5\xD0\xB4\x8D)\x11nd\xB6\x10\xD8F\x15>1\x10V\xE4\x142\xC0\xB2k\xAEF\xBC\xBDGYL\tK\xE1MQ\xC0lR&TB\xFE\xDA,igv\xBF\x88\xF2\xE88]C\x15\x00\x9C8S\xB1f#\xC4\x85\x114\xE6Q\xA1\x8A\xDA\x06\xAC\xD5'\x9E?\xCC\xE7\xA2,\xC8\x12\xCA=\r\xA5\b\xCBaV\x90\xD59WEX\xB3\xF6\xB3Yr\xA7r\xE0\x87\xAA\x04*\xD4!\xE2c\xCD\xF5\x1F\xC4\xC6\xAF~\x1E\xAD\e\xD7)\xD0\xFA,=\xDB\xF8y\xD1\x9F]\xAA\x1A\aj\x96lGe\xED\x9AE\xCC\xBA5\xB4\x12r_2\xF1\xD4\x8E}d\x04\xD7\"\xBDa\x89\xAA]\x8C0\xDF\x18M9\xB7\xA6P\x8D\x88Z\xB6\x85\xD9\xDDG17\x9E\x87\xCD\xCCnE\"\xCAR\xA2\x88\xC7r\xDB\b\xF3\\\x18\xF1Y\x87Q\x89)!|5U(d\xAC\xB7\x13=\x97^\x89\xC5\x97\xBF\x13o\xBC\xE3\xC78\xF5\xB3\xD7+\xD0\xF6\xBC\xF52\x12\xC0NU\x93\b6jB[\xA1\xE0\x10\xEB\x88B5\xC5\xE8V.\x01]\x9A\x1E\xC5\xB2\xADW\xE3\xF4/^\xAF\x94\x91\xE4\xA9\xAC\xD0\xF4\xDF\xF1\n\x19\xB4\x8A;Y\"V\xFAi\x91$\xB1\x92\xA42\xB6\x8A\x9C\xD5\xD9\xB2\xBA_\xA7\xF1\xB5c\x82\x89\xC6\x15\xAB(F^E\xE7\xF9g\x93q\xF6\xA9{\x96C\xB0\xF1\x8C\xF7P\xB9\x8B/\v#K8\xE3\x96\xDD\xF4Y+\x00Q\xC8\n\xDDM\xF01>\x81\xDC\x9EA\xCC\xEC\xDF\x8F\xAE\xCD\xE7\xA2\xEB\xC2\xCD,g\xDDy\xAEt\xB2\xDE\x95n,\x98\x98z\xBE\x9F\x14\xC5E$\x91V\xC0\xF7\x8A.\xF1\xC9\xE4\ev\xDF\xCC\xE6\x1F\xCC\x11\x13\x13\xE2.\x86\x8EP\x16yLa\xE8p\x8D\xF3\xE2\xC8\xCF\xEEG\xE79Tn\xD1\xD2:ui\xE0\xC0\x9A\xE7RZ!\rz\x8BI0?\xD0\x8F\xD2\xE11<\xFF\x89/`\xE0\x81\xFB\x987\xC8\xD3$)X\xC6q\xF8h\xD8\xA6v\x9At\xAF\xB9\xC3\x93,}\x87\x98\x04\xD3\xE4jIT\xF2eu\xD3\xB0\xCC\xF9\x15\xA2r0\x9A\xEB\x18\xB3h\xA7%\x94 \x89\xA3\xFF\xFDK\x8C\xFC\xEEQ\x92\xC2\v\x983V\xA30<\x88%W\xBF\xEB\xC4&\xA2\x84V\x82< \xCE\xC45%\xD4J2\x94S\xF8\x99IE\n\x03\xC3J\xD2\xCAX\x1E;>u#\xAD$\xAC6\xAA\xC9\xB1\xAF\xF3GM\x99\xC0h\xD8F\x85d\x11\x98td|\xDB~d\xCF\\O9Ij\xE7**z\x19\xE1D\xD8\x8Db)PB\xCC\xD2\xBD\xA6h\x95\x85-q\xF8\fq\xEEl\x91%\xEB/\x80{\xEFGz\xCD*d7\x9F\xF3\x8A=Q\x8D\x0FS\x15]:\x87\x88R\xBA\xA9Qb\xC2U\xE0MP\xE1\x92\xAF\x82\x86\x19\xF2$%\xBD\x19\xE6\xA8 d\x0Eu]\f\xF5\x88Xef\xEFQz\xC8$\x9F\xAB(\xBE\xA5'\xD0\x98\x8F\x91Z\x8BH\x8A\xAB#\xE4\xC7A\xDCR\xC2X\xAC\x16\xEDDB\t\xD8~\xF6\e\x14\xC8\xFF`\x8B\xD70\e.F|X\x8CX\x81K\xEC)\xE6\xEA\xE9\x99w\xACFo\xCAlzy\xC8h\xD4\xDF\x9A\xBB\xD5\xDCKz\a\xB3\x15\x8C>\xB1\x93\x14\x7F\x82.\e&n\x13\rEj\xCD\a\x84\x99U,2'\x95\x83\x15\x16\xF7\f\x00&iw\xF6\xAC\xF3\xFE\xE8\x1A[\x92d\xAD\x90\x12\xC0[\t\a\x99\xD3V)\xF6*\x15\xA6Q\xA7a\x86v\x8F\xA6\x86\x9B\xFAl\x19\r\x85\xEAQ\xCCDit\x04\x9E[V\x8AI\x9EQ\x89\xDAhR\xC4@\xBD\x0F\x8D$)\xC9\x1Cy~m\xC6|\xD2\xF8\xE4\x8A>\xBA\xD6\xFA?\xADc\x10J+V\xB2H'6\xFE\xCB?\xE3\r7\x7F\ri\xD6.\b\xFBX\b\x8BH\x158\xCCF\a\xDE\xA8)d\x86AY\xF8U\xC2BjE\xBB\"\x97\x8A.\xF14\x8Fw-?l\xCD\xDA\xD42\xC3Y\x9C\x99.\xC1\x95\xFA\xCER\x9Dj\xA4W\xACD\xA2\xAB\xF7\xB5\xF6@B\xDC\xD8\xAC.\xDF\x86s\xFE\xE3[H-g\x9DA\x97S\x02\x99F\xA83\xFF\xDAF\xFD\x1Aj\x99\xC5\xD2]\xFA\xD8\xA2\x14\x9C\x8E\x84\xCA\xE8BP\xEB\x96\xAC\x85_\x01\x97\x11\x02>M%bt\v\x97\xA9?_r\xD5\xAC\t-h]\xB7\xF6\xB5\xB7r\x9C\x18_\x18\xC5\xBE[n\xC2\xC8\xB6\x87\x98\x9B\x16Q\x91\x15\xAA\xE3\xA2+G\xD4\xAD_\xFB\\\xC3\x8A\n\xB1\x81\xFE\x9EZ\xD9\xA6f\xDCe\x0E\xD1\xD6\xD0\xCF\x06\xF3\et\x8C(|\xBAU(\x87\xDC'.g\t\xAEVF\x19\xC3\x16EN\xC7\xEB9\x92\xBD\xBD\x18\xFC\xE9}Ll\xBB\x184\xCET\x14\xC5&nto\xC2\xA8\xD3\x92 \x9CX\t\xC9F\b\x0E\xDF\r\x10\xE9\x88\"\xBA\x80\x85_\x89\xD5fYz\xC7F\x1D\x1F\x98\x17~y&\b G\x16u\x18]$\x9B\x16\xA7\xE6\x90O[\xC8\xF6v#\x9E]\xF0\xBA\x14\x89.\xE8@$\x9DVA`\xE2\xB1\xA7T\x10\xB0\xA2\xD1\xB0\xF5Z[\x1C2\x9A\xBA\x96\xB5u\x16\xDD+\x88/mU\xC1C\xF2\x87_\rT\xBDn\x87y\xA4\xD1\xA0\v\x7F\x97\x16|l\\\r\xAB\xB3\r\xB9\xFE\x01\xCCM\xCC\"G\x17[\xBC\xB8\x0F\xB1\x8E\xEC\xEBR$\xB5d\x99\x8A|:\x97\xC4\x9B\xBA\x93F\xBDIi\x84\x1Dre\x8D\xDA\"\x17\xD9\xB5\x19\xB3\xE1t\xB7\xA0\xCA\x00\xE4\x93\xFA\a,\x1D\xBC\x12+\xDB\x8C\xAD1\xDC\xECZ1\xDA1\xC9\xC8\xD2u\xD1\e\x91dt*\xE7K\xA82\xE9\f\xDCs\x17\x8Cd;\t[\xEA\xF5)\xB2x\xA5\xB2\x80W.\xA1\xB9z2j\xE5Th\x05#D\xAEV\x8C\xDF\\\x1FNO\n&e\xF3\x85_\xB1v\x92U2\x9F\xD7\xDDB\xE8^\xB5\xA8%\xE3\xB60\x0EF\xDB\xD3H\xF6\xF4\xB2\x06(\x12/\xD4\x98I\xA72>\x89\x92\x95\xC0\xEB=\x9CL\x06\xF1\xC5]\xBA\x19\xD1\x04d\x1Dv\rUU\xEBpk\"\xEC\x18ijB\x19\x9C\xAE$\x15\x92\x15,O-0y<}~\xAE\x10\xC3*T\e\xBA\xF6\xA35L\xC4\xF9ErE4\xDDB\xDF\xB3X\x8A\xC6X\x82N\xA3:<\x869\x9A\xB2\x1A\xBC>E\xECd\n-\xCBV*\x8B\xF8\x15\x9E\xAE\xAB\xBB\xEAu\xA5B\x85L\xCD\xDD\x10\xD2s\xBB\x8D\xB5N*\x8A*\xAD\xE1\x85Jx\xE5\xAAR\xC8\xCDU\x18\xC1\xF4\xC4\xE8\xBE\x96,\xF4\xC8\xECT\xCA(\xEC\xDB\r\x83\x95\x18\xC8\xFB\xCBG\au\xD4 \xFF\x9F\x18\x1C@\xF7\xE2\xC5\xAFY\x11\x83\x05{\xEB\xDAu|\xF9\x04C\xEFJF\xAF\x9D(OL\xB0b\x9C\xD4\x19\xB1\x96\xD1\x02\xEDn\x82\x11\xD5\xB4iKhp\x8B\xF0\xD2\xD7\x12\xB7\x92F\xBBtx8\x0F\xB3#\x15\xB5\xB8\xAA\x149Fs\x17\x19\xB1F\x9F\xDA\x8B\xE8\xB3\xFB\x18\xBD\b\xAEDT\x91\x9D\xA8\x13A\x94n1v\xF0eF\xAF^M\v^k\bf\xD0\xC8\x0F.\xC4\x86\x8F\xDD\xA0V\xA8\xCA\x93\xC7\xB0\xFD3\x9F\xC4\xF8\xE3\xCF\xC0J\xC6\e\xCB\x14a\xE3Y@n&\x1D\x02\xBB\xAAj\x0F\xB5\x82Ll\xF8\x04:\x8A\xA4M\xF4\xAC\x89c\xD3\x9A\xF0\xEA\xC2\x85\xC6\xE0\x97<\xFFN\xF0\xC1#\xC5\n\x8EN\xE4062KkY\x88\xB5\xA4Q\x18\x1D\xC6,y\xCE\xEB9\xDA6lB\xFEp?r\x87\x0F(\xDA\x12\xEBX\x84eW_\x13.K\x04uJR'\x82-\x8E^x\xA2\"^\x9E\x91j\x92n5RE0&\xA6`i\xCEP\\\xAC\x94\x1A4^\xBA'j-\x1D!\xF5\xE6\x9D\x92*\xB4\xA8`4\x86\xA3\xFC]\xD4-\"\xF1\xE2>\xB4vu\xD7\xCB\xCB?9\x97\xB4w!\x96\xED\xC2\xCE/~\x1A\xAD\xEB\xD7#\xDA\xDA\xC9h\x18\x85\x93\xED\xA0\x9BM\xAA\xC4\xDB\xC8\xF2\x94\x83\f\xDA\x9B \xB0\xF3\xAE\xCC\xB4nM\x05A}m W,)\x1E(\xEC\xC3\xAE\x85.\xB5\xA6N\r\xACy\xDB%$\xE6\xC7\xE0\xB3*\xCB\xF3\xDE\xFE={P\x1D9\x8A\xEE\xF5\xA7\xA2c\xE9\nD\x93\x7FzH\xEE>\xFFBl\xFF\xE4u\x98\xDE\xBEK78\x98x-\xD6>V,\xA2\xF3\x89'\xB5JU\xBB\x8F\x10\xD7 \\L\xAF\xB9]\xC8l\xA5\xE9>W*\xAA\x1D\x1Ar\xA1\x9E\xD9-h\xABX\xF3\xAAf~oI\x86\f\x93Z3f\xE7\x8E\xB1\xEE>v\x14\x89\xF6N\xB43\nu\xAFZ\x87Tgg}\x05\xF7\xD5\x8E\xF6363:.g\r/-\xD2H\xB8+\"P\x89\xCE\xCFK\xDB\x89SZ\xF44\x81\xB4\x84\xF2Z\x8D\xD5\x01_\xD7\e\xF2\xA6<K\x81*\xB9\x9A\xAD\xDE\xEB7\x12\xA2\xC8*\r\xEC@g\xA5yK\n&\x13\x99\xF8\x9B\xB8A\xD2I)\vW\x8B\xB3\x18\xDA\xF94F\x0F\xECF[\xDFRt\xAD\xDE\x80\xCC\xC2\x1E\xBE\xD7\xFE\x83\x8A\b\x83\xEE\xDE\xF2&\f\xDC}7'\x99\xAE\xC3\xD9\xF7f\xAB\xAA\x7F\x057h`\xDD0\x1A\x9D\xCE\xDA\xFE\x95p[\x87(>GlXM\xBEc7\xB6\x06\xE9\"\xA7\xCA\x1F;\xD2\xBF\n\x8B\xA3\xF2\xD0(\x8E\xDD\xF7\x135f\x82\x05M\xC4\xF0UC\xAF\xB6OF6\xDC\f\xB1\xCE\xDFC\x7FNf\xB3t\xB9>$S1V\x86a\xE9\xEA\xEBR\xB7&\x9C4)\xE6\x8E\f\xA1\xCA\xC8\xE2\x8D\xCD\xE9\xD9\x97\x86\x9Da\xA0y\x0E\x15]\x91\xE4%\xEDW\t\xB7A\xCD\x1A\x06*|g\xA9X\xD0{Q\xA4\x9F\x06c>iTX1\x82F\x87\x89\xA0\xAE\fM`|\xE0!\x15\xD3[$\x82\xB1\xA6P\x8A4\x9A\xAA\xCA\x8A\xA2\xD0$\xFD\xB6\x9F\x7F#,\x8F\x13d\xAB\xC9\x8C\x83(?KT\xACJR\xA5\xDB\xB8S\x8C\xFB%C7\xF4j\xFBH\x9A\xD6b\xE6\xB5\x83j+\xCA\xE1N$\xA9,\xB3[.@\xCB\xB9\x9B\xD0\xD1\x7F\x10\x06\x81\xBE\xFF\xFE_ \xC8\xCF\xE0\x04?\x90\x99.3\xEB\xD6\xFA\xC4\xB5\xC2H\"U$\xE2\xD0Z\xB6^\xAA\v\x15\xF1X0\xC92\x1D!K\xDAc\xA9\x1D\t\xB2\xF9\xA58\xC5q\xE8.N\xAB\xAC\x89\x18\x88MI6\x96N&3\xB5\x8A\xF7n8\xB4\xA4e\xEB\xA4\xEB\xF6\x01\xC1\x1Ex\x8D\xA5o\xE9\xC8W\xA6fP\x98\x99\xC4\xB2\xCB\xDEB<\x15p\xF0\x97\xBFR\x16\xB7\x8F\xFF\xB1EA\xEC\xAE\x16\xA4d\xD1\x12\xA8o$*\xCE\xE4\xC8m\x18\xB3\x13)e9\xA5D\xA9\f\xAB5\x82X[\a\x85\xB7T$\xA9L\xCE\xA0:]\x86C<I\xB7\xE4PP\xC1\\:\x81\r\xADq\xB4\x14HDI+\xCC\x98\x85Hg\xAB\x9A\x1C\xBFPf~\x98\xD3\xAE\xD54\x9B\x9EW\x86\xDD\x99\x80\xDD\x92\xD2{\xA4\x02M(\xA7\xC6\xFA\x91\xBFs?\x06\x1F\xF8\x1F\x18\xB2\x00D^(\xF5\xFB<Ed\xABRfq7\xB6~\xF76\xB4\xB2\x8A\x13>$n#m\x9B\xB1C\a\xB1\xEB\xD6[P~\x88Y\xD8t\xE8*\x15d\xCF?\x15\xA7\\\xF7q\xB4\xAE^W\xC7\xC1\xF4\x81\xFD\xD8\xF9\xF5\x9BXs\xEC\xC4!\xD3E\xE6\xFC-\xF8\xF8\xAD\xB72#\x97\xB0\xFB\xCB_\xC6\xE0mw\xA3\xE5\xBC\xF58\xFB;\xB72!v\xE1\xE0\x9Dw\xE0\x85\x7F\xFC:\x99D\xB2\xBE\x94\xE1\x9BU\xF4n\xBD\x1C\xCB\xDF\xF3\x01$)G\xE0iG\x96n\xCE3_\xFF\x12\xC6o\xFE\x01\xBC\xF1\t\x15E\xD5ZE3\xD8k\xBD-\x99\x99\x96\xEEEHv.\x9CO\xC3\xBBz\xD0E\x8A\xF2\xF8\a>\x80\x99\xE7\x0E\"\xD6\x9B\xC1\xA6\xCF}\x06\xED\xA7l\x9E\xF7\\\xBC\xB3\a\x89/-\xC0\x0F\xB7n\xC5\xD8\xB1Q\xF4\xC4\xE3H\xA6\xDB\xD4\xBDa\xE2b*\xE2#K\xD7\x8B\xB6e\x11I\xCA\xC6\xB3d#G\xA8\r\x03et\\\xB8\x11\xA7\x7F\xE6\xF3\xEA\xFE\t,:\x95\x82M\xEB\xDB\x8E\xC3\x9C\xC7I\x0EC\xB3}\xF2m\r\xFA\x18\xD9\xBD\x1D\x83O?\x81\xB6e\xAB\xB0b\xCB%\xA4\xF8\xCB\x90\xD9\xB0\x06S\xDB\xF6\xB2t\xEDB|A\x8Fzn\xF4\xE9\xDFaz\xFF\x1E*\xB5\x11\x9D\e\xCFFlQ/\xAC\x15K\xE0\f\x1F\x83\x15\xF8u\xBFu\xFD*\x0E1\x92w\xCBD\xD6v\xD6\x1D\xBFE\x84\xD7\xDB\xD6\xAFSJTK\x05\x1C\xB8\xFD;(\xBC4\xA0\x16k\x03\x96\xC6\xA3;v2P9\xBA\x97`\xCCk\x89\x9D\x8C\xA9\xEA\xBB{\xEF\xBF\a?~\xDF_\xE3\x89[\xBE\xD9h\xAC\xCA\xA2\x8E^9\xD7\xD1\x84\xC7\xA1;\x7F\x84m|\xEE\xF0\x7F\xDD]o\xD29<#\xD2\x06jz\x85\\\x93\xE8w\xC4D\xBD,8\xE9V\x9D\xD0]\xE4]\xA9%K\x909e\xAD\xEAr\xE6\x87\x870\xF1\xF4n\xBA\xB6\xA9\xDB^FcI\xC2>\xE9`\xA1U\x96\xBE\xF9b\xBC\xED+\x0E\xB2k\xD6\x85O1|NO\xA9\x05\x9A\xE6]\x11\x91t+\x12,\xC8\x90l\xA9_\x13\xB3\xCB\xAE6\xAB\t\xC4\x92\x03D\x19\xBD\x04\x1E\xBCb\xA7rz\xDF^\x95pe7^\xDF\xE5\xEF\xA8\xDF[\xF1\xDE\x0Fa\xFB\x8D\x9F\xC3\xBEo\xDC\xCE\xE7\xA2\xBA\xA0jN\x88\xC6+x\xD7\xD2s\xB7\xA8\x13\xE1N\xD3C\xF7\xDF\x85\xC9\xC7w\xD0\xCC\xCE\xBC\xE77|\xFCz\xAC\xFE\xE0\x87\x18a2\xF5\x01,\x95\xA4\xF4\nom\xEE\xB5rb\xA9\xC6Z\x88\x04\x18\x89~\x9E\xA5\x13\x9B,pN>\xB6\x1D;?\xF7Y,\xDDz\x8D\xDA\xEF\x15\x04\xB2\x99\xA1[u\xE2\x97\xBF\xE3j\x1C\xFC\xEE\x9D\xCC\x1D\xBE\xAAq\f4a\xC4<q\xDBI\xF8\x92\xAAZ\x1A\x90c\xFB\x0F\xBF\x83\xA7>\xFD\x05\xF4\xFAq\x15\xEE\xE6\xB1\xDA\xB6Nu6\x1FZ\x11\xA3\x89\xBBi\x8Ed\x87\xF7\xEA\xE0\xEE\xE8@\xE2\xDC\xF5h!\x01\x95\xE5\xE7\xE2\xC1!\xB5F9\xF2\xF0#\x98\xDC\xFE,#U\x8C\xD8r\xB1\xE1\xBAOa\xD1\x05\x970=D\xC3\xA5\x84 ,,\x9B,b\xA1\xB1E\xB7\x19#\xCF\xFF\xF4\xC7\xC8\xAEX\x83\xBE3\xCE\xC2\xAA\x8B\xFF\x1C\x03\xF7\xDE\x8F\xEA\xB6=\xCCa\xD6<\xD3\r=\xFF\x14&_~\t\xD9\xB5\xEB\xD1\xBDac\x9Dj\x98\xC1\xF1\xAB\x92\x86\xC2Ls\xCEXu\xE9\x15X\xBE\xE5B\n\xE8(wz\xF2\xA3\x1FE\xC0\x04\xBB\xE9k_Q\x9DI\xD9\x81*4'\xD1\xA3\xABS\xD9l\xA3\x96\xCA\xE7{\x92.,\xACp\xDB\xB5\xD2\xD02\xEB\xA1`jp\x10\x0F\xDC\xF0\x0F\xA8\xCC\xE5\x90^\xD8\x87\x8Bn\xFA\x06Z\xCEX\xA1\xF6P\xC9\xF2\x97\xC5\xBA^\x8E]w\xDE\x89\x9F]\xFBa\xEC\xFF\xC5\xCF\xC3Q-\xB5\xE0oI\xC65\xED\xBA\x1A\x11\x92O\x933\x16a\x18\x96]\xA8\n_\xACwb\x19\t\xC5\xADL\xAC]\xEA\xBA$\xC1\xD6\x15\xA7\"\xBD|\x1Ds\xD4\xA9\xC8\xAC=\r\x0E\xDDV\x88\xD1\x81\xEF\x7F\x17\xDELIU\xAAbYY\x91\xE6\x90\xAE\xAD\xCD\xA2I\xA2$\x98\xD2t\x1E\xBF\xBD\xF9f$2\xED\x18|r;\x0E\xFF~'\xEE\xFA\xE8G\xB0\xF2\xF4\x8D\x88S\xF8Xk\x06\x05\xA9\xE1\x87\xA6\xF0\xD4\xAD\xDFF4\x9D\xC1\xF4\x9E\x97\x91b\x914\xFA\xEC\vx\xFA\xDFo\x81[,\xA204F\x9E\x95\xC0\xEC\xA1~<}\xDB\xAD\xAA\x00\x1A\xDF\xC3R\x9A%myb\x9A\xD7\xBE\xC5\\\x10mlO\x97\x82\x8E.4}t\x94E\\\x80\xBD7}M)\xAF\xEAt\xD5\x89\xF41\xFE\xEC3\x98x\x94\xEEF\xF7\n[\xBE\x18-\xBB2\xC66\xE3\xBAt\xEF\xE4\xA2\x84\xDD&\xFC\xA8\x1C\xE8E\xD1\"9\x8C\x80;\xC2\x17\xD9\x9C\xB1rq\x0E\t\xE2e)\xCD\xDF\x11K!\xC7:b\x8A\xE6wY\xA1\t}\x90\xA5g;J\xD7\xA8\x94\xD5)5D$!K\xC9\xA49\x14\xAE\xCA\xDF\xAB-K\xF1\x98\xDA\x15$\xEB$\xA2\xEC\t\xBB\xF3\xE8\x1A\xB1h\x1C\x1D\x05\x17\x96l\x99\x85\xDED\xDA\xD8\xD6\x11U\x81F\x1CF\n\xAA\xA1J\x15{s2\x0E\xAER\x16\x89\xCB6rC\xF7\x7F\x15\xD5&\xF0\xBC&\x02\xE60;\xFB\xE1@\x15>\x9B\xE7]\x9B/\x8D\xA4\x12\x8DZ\x923\x17\xB1\x1DE,k;(\f2^\x8B\xAE\xE50\xDA\xD4\x179<\xB5jCE\x93\xF5\xEDS\xF5{\xD0}\xE0\xE9\x8C\x8D6NF\xB4\xE2)\xFC6/\x94\xAA}.\x82KZ\xE2%\xD9\xF0\x03|\x9F\xD7\xEFS\xD0\xF0\x9A6W6\xEF\xEBm\x0E\x00R=\x8E\xD2*\t\x0E\xED\x9D\xF0\xBF'\x18MO\x87R\x85\xDB8P\xAB\xC1\xEB\xAB5~\xD3\xE7F\xA3\xA1\xFE]w\x840\xEAXhq\xA9H\x13\xB0\x85u\x1789c\xB4\xC4\xA4\xAB\n\xF8\x1F\xF0\xFA\xC7jQk\xAA\xBFP\xB1P\xDF\n\xFC\xCA\x87,\xC9\xE1\x8F\xF8?'\xFE?\x8E\xE0\xE4\xCB\xD5R\x83I!\xFF4#\xDFm\xBC\xF7\xB3\xDA\xA3\xFF'\xC0\x00\xBE\x01\x98\x9C-\xEB\xB3\x9E\x00\x00\x00\x00IEND\xAEB`\x82",
           :headers => {'Accept'=>'*/*', 'Accept-Encoding'=>'', 'Authorization'=>'AWS AKIAIPWG2V7NAID5EWAA:3GquL1lkyV4EP7sJSJ6kPF+IGMA=', 'Content-Length'=>'6646', 'Content-Type'=>'image/png', 'Date'=>'Thu, 29 Oct 2015 14:48:27 GMT', 'User-Agent'=>'aws-sdk-ruby/1.55.0 ruby/1.9.3 x86_64-linux', 'X-Amz-Acl'=>'public-read'}).
      to_return(:status => 200, :body => "", :headers => {})
    
    ============================================================
  # (eval):3:in `put_object'
  # ./app/models/resource_page.rb:248:in `block in new_attached_files='
  # ./app/models/resource_page.rb:246:in `each'
  # ./app/models/resource_page.rb:246:in `new_attached_files='
  # ./spec/models/resource_page_spec.rb:51:in `block (3 levels) in <top (required)>'

Finished in 33 minutes 50.06 seconds
1912 examples, 4 failures, 32 pending

Failed examples:

rspec ./spec/controllers/portal/grades_controller_spec.rb:18 # Portal::GradesController GET index assigns all portal_grades as @portal_grades
rspec ./spec/models/attached_file_spec.rb:26 # AttachedFile being created should upload a file
rspec ./spec/models/resource_page_spec.rb:40 # ResourcePage after creation should allow a new file to be attached
rspec ./spec/models/resource_page_spec.rb:48 # ResourcePage after creation should allow multiple new files to be attached
